Component: ARM Compiler 5.06 update 7 (build 960) Tool: armlink [4d3601]

==============================================================================

Section Cross References

    main.o(.text) refers to fleqf.o(x$fpl$fleqf) for __aeabi_cfcmple
    main.o(.text) refers to stm32f10x_gpio.o(.text) for GPIO_ReadInputDataBit
    main.o(.text) refers to micromouse_flash.o(.text) for MirMouse_ReadMapInf
    main.o(.text) refers to micromouse_device_init.o(.text) for RCC_Config
    main.o(.text) refers to micromouse_globalvar.o(.text) for InitGlobalVar
    main.o(.text) refers to micromouse_irsensor.o(.text) for Init_IRSensor
    main.o(.text) refers to micromouse_24l01.o(.text) for Init_24L01
    main.o(.text) refers to micromouse_driver.o(.text) for MicroMouse_GoAhead
    main.o(.text) refers to micromousealgorithm.o(.text) for MMMGB
    main.o(.text) refers to main.o(.data) for GucMousePos
    main.o(.text) refers to micromouse_driver.o(.data) for GucMouseDir
    main.o(.text) refers to micromouse_driver.o(.bss) for GucMapBlock
    main.o(.text) refers to micromouse_irsensor.o(.data) for IRDistance
    main.o(.text) refers to system_stm32f10x.o(.data) for SystemCoreClock
    micromouse_device_init.o(.text) refers to stm32f10x_rcc.o(.text) for RCC_DeInit
    micromouse_device_init.o(.text) refers to stm32f10x_flash.o(.text) for FLASH_PrefetchBufferCmd
    micromouse_device_init.o(.text) refers to system_stm32f10x.o(.text) for SystemCoreClockUpdate
    micromouse_device_init.o(.text) refers to misc.o(.text) for NVIC_PriorityGroupConfig
    micromouse_device_init.o(.text) refers to stm32f10x_gpio.o(.text) for GPIO_StructInit
    micromouse_device_init.o(.text) refers to stm32f10x_tim.o(.text) for TIM_DeInit
    micromouse_device_init.o(.text) refers to main.o(.data) for Time
    micromouse_device_init.o(.text) refers to micromouse_irsensor.o(.bss) for ADC1ConvertedValue
    micromouse_driver.o(.text) refers to fmul.o(x$fpl$fmul) for __aeabi_fmul
    micromouse_driver.o(.text) refers to ffix.o(x$fpl$ffix) for __aeabi_f2iz
    micromouse_driver.o(.text) refers to frleqf.o(x$fpl$frleqf) for __aeabi_cfrcmple
    micromouse_driver.o(.text) refers to dflt_clz.o(x$fpl$dflt) for __aeabi_i2d
    micromouse_driver.o(.text) refers to dleqf.o(x$fpl$dleqf) for __aeabi_cdcmple
    micromouse_driver.o(.text) refers to micromousealgorithm.o(.text) for MMSWI
    micromouse_driver.o(.text) refers to stm32f10x_gpio.o(.text) for GPIO_SetBits
    micromouse_driver.o(.text) refers to f2d.o(x$fpl$f2d) for __aeabi_f2d
    micromouse_driver.o(.text) refers to faddsub_clz.o(x$fpl$fadd) for __aeabi_fadd
    micromouse_driver.o(.text) refers to drleqf.o(x$fpl$drleqf) for __aeabi_cdrcmple
    micromouse_driver.o(.text) refers to micromouse_driver.o(.data) for GmcMouseCoor
    micromouse_driver.o(.text) refers to micromouse_driver.o(.bss) for GucMapBlock
    micromouse_driver.o(.text) refers to main.o(.data) for GucMouseState
    micromouse_driver.o(.text) refers to micromouse_irsensor.o(.data) for IRDistance
    micromouse_driver.o(.text) refers to faddsub_clz.o(x$fpl$fsub) for __aeabi_fsub
    micromouse_driver.o(.text) refers to fleqf.o(x$fpl$fleqf) for __aeabi_cfcmple
    micromouse_driver.o(.text) refers to ddiv.o(x$fpl$ddiv) for __aeabi_ddiv
    micromouse_driver.o(.text) refers to d2f.o(x$fpl$d2f) for __aeabi_d2f
    micromouse_driver.o(.text) refers to fflt_clz.o(x$fpl$fflt) for __aeabi_i2f
    micromouse_driver.o(.text) refers to dmul.o(x$fpl$dmul) for __aeabi_dmul
    micromouse_driver.o(.text) refers to daddsub_clz.o(x$fpl$dadd) for __aeabi_dadd
    micromouse_driver.o(.text) refers to dfix.o(x$fpl$dfix) for __aeabi_d2iz
    micromouse_globalvar.o(.text) refers to micromouse_globalvar.o(.bss) for grc_var
    micromouse_irsensor.o(.text) refers to stm32f10x_rcc.o(.text) for RCC_APB2PeriphClockCmd
    micromouse_irsensor.o(.text) refers to stm32f10x_gpio.o(.text) for GPIO_PinRemapConfig
    micromouse_irsensor.o(.text) refers to misc.o(.text) for NVIC_Init
    micromouse_irsensor.o(.text) refers to stm32f10x_tim.o(.text) for TIM_PrescalerConfig
    micromouse_irsensor.o(.text) refers to stm32f10x_dma.o(.text) for DMA_DeInit
    micromouse_irsensor.o(.text) refers to stm32f10x_adc.o(.text) for ADC_Init
    micromouse_irsensor.o(.text) refers to micromousealgorithm.o(.text) for SIRP
    micromouse_irsensor.o(.text) refers to micromouse_irsensor.o(.bss) for ADC1ConvertedValue
    micromouse_irsensor.o(.text) refers to micromouse_globalvar.o(.bss) for grc_var
    micromouse_moter_control.o(.text) refers to micromouse_moter_control.o(.data) for Moter_Started_L
    micromouse_pid_control.o(.text) refers to dflt_clz.o(x$fpl$dflt) for __aeabi_i2d
    micromouse_pid_control.o(.text) refers to dmul.o(x$fpl$dmul) for __aeabi_dmul
    micromouse_pid_control.o(.text) refers to daddsub_clz.o(x$fpl$dadd) for __aeabi_dadd
    micromouse_pid_control.o(.text) refers to dfix.o(x$fpl$dfix) for __aeabi_d2iz
[...]
    Correct                                  0x20000af6   Data           1  micromousealgorithm.o(.data)
    .bss                                     0x20000af8   Section     9728  micromouse_driver.o(.bss)
    .bss                                     0x200030f8   Section      512  micromouse_globalvar.o(.bss)
    .bss                                     0x200032f8   Section       12  micromouse_irsensor.o(.bss)
    .bss                                     0x20003304   Section       16  stm32f10x_it.o(.bss)
    .bss                                     0x20003314   Section      736  micromouse_datacache.o(.bss)
    .bss                                     0x200035f4   Section     1064  micromousealgorithm.o(.bss)
    Num                                      0x20003a10   Data          12  micromousealgorithm.o(.bss)
    .bss                                     0x20003a1c   Section       96  libspace.o(.bss)
    HEAP                                     0x20003a80   Section      512  startup_stm32f10x_hd.o(HEAP)
    Heap_Mem                                 0x20003a80   Data         512  startup_stm32f10x_hd.o(HEAP)
    STACK                                    0x20003c80   Section     1024  startup_stm32f10x_hd.o(STACK)
    Stack_Mem                                0x20003c80   Data        1024  startup_stm32f10x_hd.o(STACK)
    __initial_sp                             0x20004080   Data           0  startup_stm32f10x_hd.o(STACK)

    Global Symbols

    Symbol Name                              Value     Ov Type        Size  Object(Section)

    BuildAttributes$$THM_ISAv4$P$D$K$B$S$PE$A:L22UL41UL21$X:L11$S22US41US21$IEEE1$IW$USESV6$~STKCKD$USESV7$~SHL$OTIME$ROPI$IEEEX$EBA8$UX$STANDARDLIB$REQ8$PRES8$EABIv2 0x00000000   Number         0  anon$$obj.o ABSOLUTE
    __ARM_use_no_argv                        0x00000000   Number         0  main.o ABSOLUTE
    __ARM_exceptions_init                     - Undefined Weak Reference
    __alloca_initialize                       - Undefined Weak Reference
    __arm_fini_                               - Undefined Weak Reference
    __arm_preinit_                            - Undefined Weak Reference
    __cpp_initialize__aeabi_                  - Undefined Weak Reference
    __cxa_finalize                            - Undefined Weak Reference
    __rt_locale                               - Undefined Weak Reference
    __sigvec_lookup                           - Undefined Weak Reference
    _atexit_init                              - Undefined Weak Reference
    _call_atexit_fns                          - Undefined Weak Reference
    _clock_init                               - Undefined Weak Reference
    _fp_trap_init                             - Undefined Weak Reference
    _fp_trap_shutdown                         - Undefined Weak Reference
    _get_lc_collate                           - Undefined Weak Reference
    _get_lc_ctype                             - Undefined Weak Reference
    _get_lc_monetary                          - Undefined Weak Reference
    _get_lc_numeric                           - Undefined Weak Reference
    _get_lc_time                              - Undefined Weak Reference
    _getenv_init                              - Undefined Weak Reference
    _handle_redirection                       - Undefined Weak Reference
    _init_alloc                               - Undefined Weak Reference
    _init_user_alloc                          - Undefined Weak Reference
    _initio                                   - Undefined Weak Reference
    _rand_init                                - Undefined Weak Reference
    _signal_finish                            - Undefined Weak Reference
    _signal_init                              - Undefined Weak Reference
    _terminate_alloc                          - Undefined Weak Reference
    _terminate_user_alloc                     - Undefined Weak Reference
    _terminateio                              - Undefined Weak Reference
    __Vectors_Size                           0x00000130   Number         0  startup_stm32f10x_hd.o ABSOLUTE
    __Vectors                                0x08000000   Data           4  startup_stm32f10x_hd.o(RESET)
    __Vectors_End                            0x08000130   Data           0  startup_stm32f10x_hd.o(RESET)
    __main                                   0x08000131   Thumb Code     8  __main.o(!!!main)
    __scatterload                            0x08000139   Thumb Code     0  __scatter.o(!!!scatter)
    __scatterload_rt2                        0x08000139   Thumb Code    44  __scatter.o(!!!scatter)
    __scatterload_rt2_thumb_only             0x08000139   Thumb Code     0  __scatter.o(!!!scatter)
    __scatterload_null                       0x08000147   Thumb Code     0  __scatter.o(!!!scatter)
    __decompress                             0x0800016d   Thumb Code    90  __dczerorl2.o(!!dczerorl2)
    __decompress1                            0x0800016d   Thumb Code     0  __dczerorl2.o(!!dczerorl2)
    __scatterload_zeroinit                   0x080001c9   Thumb Code    28  __scatter_zi.o(!!handler_zi)
    __rt_lib_init                            0x080001e5   Thumb Code     0  libinit.o(.ARM.Collect$$libinit$$00000000)
    __rt_lib_init_alloca_1                   0x080001e7   Thumb Code     0  libinit2.o(.ARM.Collect$$libinit$$0000002E)
    __rt_lib_init_argv_1                     0x080001e7   Thumb Code     0  libinit2.o(.ARM.Collect$$libinit$$0000002C)
    __rt_lib_init_atexit_1                   0x080001e7   Thumb Code     0  libinit2.o(.ARM.Collect$$libinit$$0000001B)
    __rt_lib_init_clock_1                    0x080001e7   Thumb Code     0  libinit2.o(.ARM.Collect$$libinit$$00000021)
    __rt_lib_init_cpp_1                      0x080001e7   Thumb Code     0  libinit2.o(.ARM.Collect$$libinit$$00000032)
    __rt_lib_init_exceptions_1               0x080001e7   Thumb Code     0  libinit2.o(.ARM.Collect$$libinit$$00000030)
    __rt_lib_init_fp_1                       0x080001e7   Thumb Code     0  libinit2.o(.ARM.Collect$$libinit$$00000002)
    __rt_lib_init_fp_trap_1                  0x080001e7   Thumb Code     0  libinit2.o(.ARM.Collect$$libinit$$0000001F)
    __rt_lib_init_getenv_1                   0x080001e7   Thumb Code     0  libinit2.o(.ARM.Collect$$libinit$$00000023)
    __rt_lib_init_heap_1                     0x080001e7   Thumb Code     0  libinit2.o(.ARM.Collect$$libinit$$0000000A)
    __rt_lib_init_lc_collate_1               0x080001e7   Thumb Code     0  libinit2.o(.ARM.Collect$$libinit$$00000011)
    __rt_lib_init_lc_ctype_1                 0x080001e7   Thumb Code     0  libinit2.o(.ARM.Collect$$libinit$$00000013)
    __rt_lib_init_lc_monetary_1              0x080001e7   Thumb Code     0  libinit2.o(.ARM.Collect$$libinit$$00000015)
    __rt_lib_init_lc_numeric_1               0x080001e7   Thumb Code     0  libinit2.o(.ARM.Collect$$libinit$$00000017)
    __rt_lib_init_lc_time_1                  0x080001e7   Thumb Code     0  libinit2.o(.ARM.Collect$$libinit$$00000019)
    __rt_lib_init_preinit_1                  0x080001e7   Thumb Code     0  libinit2.o(.ARM.Collect$$libinit$$00000004)
    __rt_lib_init_rand_1                     0x080001e7   Thumb Code     0  libinit2.o(.ARM.Collect$$libinit$$0000000E)
    __rt_lib_init_return                     0x080001e7   Thumb Code     0  libinit2.o(.ARM.Collect$$libinit$$00000033)
    __rt_lib_init_signal_1                   0x080001e7   Thumb Code     0  libinit2.o(.ARM.Collect$$libinit$$0000001D)
    __rt_lib_init_stdio_1                    0x080001e7   Thumb Code     0  libinit2.o(.ARM.Collect$$libinit$$00000025)
    __rt_lib_init_user_alloc_1               0x080001e7   Thumb Code     0  libinit2.o(.ARM.Collect$$libinit$$0000000C)
    __rt_lib_shutdown                        0x080001e9   Thumb Code     0  libshutdown.o(.ARM.Collect$$libshutdown$$00000000)
    __rt_lib_shutdown_cpp_1                  0x080001eb   Thumb Code     0  libshutdown2.o(.ARM.Collect$$libshutdown$$00000004)
    __rt_lib_shutdown_fini_1                 0x080001eb   Thumb Code     0  libshutdown2.o(.ARM.Collect$$libshutdown$$00000002)
    __rt_lib_shutdown_fp_trap_1              0x080001eb   Thumb Code     0  libshutdown2.o(.ARM.Collect$$libshutdown$$00000009)
    __rt_lib_shutdown_heap_1                 0x080001eb   Thumb Code     0  libshutdown2.o(.ARM.Collect$$libshutdown$$00000011)
    __rt_lib_shutdown_return                 0x080001eb   Thumb Code     0  libshutdown2.o(.ARM.Collect$$libshutdown$$00000012)
    __rt_lib_shutdown_signal_1               0x080001eb   Thumb Code     0  libshutdown2.o(.ARM.Collect$$libshutdown$$0000000C)
    __rt_lib_shutdown_stdio_1                0x080001eb   Thumb Code     0  libshutdown2.o(.ARM.Collect$$libshutdown$$00000006)
    __rt_lib_shutdown_user_alloc_1           0x080001eb   Thumb Code     0  libshutdown2.o(.ARM.Collect$$libshutdown$$0000000E)
    __rt_entry                               0x080001ed   Thumb Code     0  __rtentry.o(.ARM.Collect$$rtentry$$00000000)
    __rt_entry_presh_1                       0x080001ed   Thumb Code     0  __rtentry2.o(.ARM.Collect$$rtentry$$00000002)
    __rt_entry_sh                            0x080001ed   Thumb Code     0  __rtentry4.o(.ARM.Collect$$rtentry$$00000004)
    __rt_entry_li                            0x080001f3   Thumb Code     0  __rtentry2.o(.ARM.Collect$$rtentry$$0000000A)
    __rt_entry_postsh_1                      0x080001f3   Thumb Code     0  __rtentry2.o(.ARM.Collect$$rtentry$$00000009)
    __rt_entry_main                          0x080001f7   Thumb Code     0  __rtentry2.o(.ARM.Collect$$rtentry$$0000000D)
    __rt_entry_postli_1                      0x080001f7   Thumb Code     0  __rtentry2.o(.ARM.Collect$$rtentry$$0000000C)
    __rt_exit                                0x080001ff   Thumb Code     0  rtexit.o(.ARM.Collect$$rtexit$$00000000)
    __rt_exit_ls                             0x08000201   Thumb Code     0  rtexit2.o(.ARM.Collect$$rtexit$$00000003)
    __rt_exit_prels_1                        0x08000201   Thumb Code     0  rtexit2.o(.ARM.Collect$$rtexit$$00000002)
    __rt_exit_exit                           0x08000205   Thumb Code     0  rtexit2.o(.ARM.Collect$$rtexit$$00000004)
    MicroMouse_InitMazeBlockInf              0x0800020d   Thumb Code    88  main.o(.text)
    MirMouse_CheckKeyState                   0x08000265   Thumb Code   232  main.o(.text)
    main                                     0x0800034d   Thumb Code   796  main.o(.text)
    RCC_Config                               0x08000669   Thumb Code   108  micromouse_device_init.o(.text)
    NVIC_Configuration                       0x080006d5   Thumb Code    12  micromouse_device_init.o(.text)
    Init_Moter_ENC                           0x080006e1   Thumb Code   348  micromouse_device_init.o(.text)
    Init_Moter_PWM                           0x0800083d   Thumb Code   258  micromouse_device_init.o(.text)
    Init_KeyBoard                            0x0800093f   Thumb Code   180  micromouse_device_init.o(.text)
    Check_PowerVoltage                       0x080009f3   Thumb Code   110  micromouse_device_init.o(.text)
    MicroMouse_HandleStartPos                0x08000a81   Thumb Code    46  micromouse_driver.o(.text)
    MicroMouse_CoorUpdate                    0x08000aaf   Thumb Code    74  micromouse_driver.o(.text)
    MicroMouse_GoAhead                       0x08000af9   Thumb Code   560  micromouse_driver.o(.text)
    MicroMouse_TurnLeft90                    0x08000d29   Thumb Code   234  micromouse_driver.o(.text)
    MicroMouse_SimpleAhead                   0x08000e13   Thumb Code   426  micromouse_driver.o(.text)
    MicroMouse_TurnBack                      0x08000fbd   Thumb Code   548  micromouse_driver.o(.text)
    MicroMouse_TurnRight90                   0x080011e1   Thumb Code   312  micromouse_driver.o(.text)
    MicroMouse_Speed_Change_Sys              0x08001319   Thumb Code   464  micromouse_driver.o(.text)
    MicroMouse_SearchGoAhead                 0x080014e9   Thumb Code   732  micromouse_driver.o(.text)
    MicroMouse_SearchObjectTo                0x080017c5   Thumb Code   110  micromouse_driver.o(.text)
    MicroMouse_CrosswayChoice                0x08001833   Thumb Code    54  micromouse_driver.o(.text)
    MicroMouse_MazeBlockDataGet              0x08001869   Thumb Code   218  micromouse_driver.o(.text)
    MicroMouse_SpurtGoAhead                  0x08001943   Thumb Code  1110  micromouse_driver.o(.text)
    MicroMouse_Speed_Change_Calc             0x08001d99   Thumb Code   852  micromouse_driver.o(.text)
    MicroMouse_SpurtTurnLeft180              0x080020ed   Thumb Code   228  micromouse_driver.o(.text)
    MicroMouse_SpurtTurnRight180             0x080021d1   Thumb Code   228  micromouse_driver.o(.text)
    MicroMouse_SpurtTurnLeft135              0x080022b5   Thumb Code   458  micromouse_driver.o(.text)
    MicroMouse_SpurtTurnRight135             0x0800247f   Thumb Code   396  micromouse_driver.o(.text)
    MicroMouse_SpurtTurnLeft90               0x0800260b   Thumb Code   392  micromouse_driver.o(.text)
    MicroMouse_SpurtTurnRight90              0x08002793   Thumb Code   442  micromouse_driver.o(.text)
    MicroMouse_SpurtTurnLeft45               0x0800294d   Thumb Code   388  micromouse_driver.o(.text)
    MicroMouse_SpurtTurnRight45              0x08002ad1   Thumb Code   434  micromouse_driver.o(.text)
    MicroMouse_SpurtCrosswayChoice           0x08002c83   Thumb Code    92  micromouse_driver.o(.text)
    MicroMouse_SpurtToGoal                   0x08002cdf   Thumb Code   150  micromouse_driver.o(.text)
    MicroMouse_SearchSpeedChangeCalc         0x08002d75   Thumb Code   246  micromouse_driver.o(.text)
    InitGlobalVar                            0x08002eb5   Thumb Code   126  micromouse_globalvar.o(.text)
    Init_IRSensor                            0x08002f75   Thumb Code   510  micromouse_irsensor.o(.text)
    ENC_Calc_Rot_Speed_L                     0x08003195   Thumb Code    62  micromouse_moter_control.o(.text)
    ENC_Calc_Rot_Speed_R                     0x080031d3   Thumb Code    62  micromouse_moter_control.o(.text)
    PID_RMoter_Control                       0x0800322d   Thumb Code   154  micromouse_pid_control.o(.text)
    PID_LMoter_Control                       0x080032c7   Thumb Code   154  micromouse_pid_control.o(.text)
    NMI_Handler                              0x0800337d   Thumb Code     2  stm32f10x_it.o(.text)
    HardFault_Handler                        0x0800337f   Thumb Code     4  stm32f10x_it.o(.text)
    MemManage_Handler                        0x08003383   Thumb Code     4  stm32f10x_it.o(.text)
    BusFault_Handler                         0x08003387   Thumb Code     4  stm32f10x_it.o(.text)
    UsageFault_Handler                       0x0800338b   Thumb Code     4  stm32f10x_it.o(.text)
    DebugMon_Handler                         0x0800338f   Thumb Code     2  stm32f10x_it.o(.text)
    SVC_Handler                              0x08003391   Thumb Code     2  stm32f10x_it.o(.text)
    PendSV_Handler                           0x08003393   Thumb Code     2  stm32f10x_it.o(.text)
    SysTick_Handler                          0x08003395   Thumb Code   268  stm32f10x_it.o(.text)
    TIM6_IRQHandler                          0x080034a1   Thumb Code   568  stm32f10x_it.o(.text)
    EXTI15_10_IRQHandler                     0x080036d9   Thumb Code    22  stm32f10x_it.o(.text)
    SystemInit                               0x08003747   Thumb Code    78  system_stm32f10x.o(.text)
    SystemCoreClockUpdate                    0x08003795   Thumb Code   142  system_stm32f10x.o(.text)
    Reset_Handler                            0x08003845   Thumb Code     8  startup_stm32f10x_hd.o(.text)
    ADC1_2_IRQHandler                        0x0800385f   Thumb Code     0  startup_stm32f10x_hd.o(.text)
    ADC3_IRQHandler                          0x0800385f   Thumb Code     0  startup_stm32f10x_hd.o(.text)
    CAN1_RX1_IRQHandler                      0x0800385f   Thumb Code     0  startup_stm32f10x_hd.o(.text)
    CAN1_SCE_IRQHandler                      0x0800385f   Thumb Code     0  startup_stm32f10x_hd.o(.text)
    DMA1_Channel1_IRQHandler                 0x0800385f   Thumb Code     0  startup_stm32f10x_hd.o(.text)
    DMA1_Channel2_IRQHandler                 0x0800385f   Thumb Code     0  startup_stm32f10x_hd.o(.text)
    DMA1_Channel3_IRQHandler                 0x0800385f   Thumb Code     0  startup_stm32f10x_hd.o(.text)
    DMA1_Channel4_IRQHandler                 0x0800385f   Thumb Code     0  startup_stm32f10x_hd.o(.text)
    DMA1_Channel5_IRQHandler                 0x0800385f   Thumb Code     0  startup_stm32f10x_hd.o(.text)
    DMA1_Channel6_IRQHandler                 0x0800385f   Thumb Code     0  startup_stm32f10x_hd.o(.text)
    DMA1_Channel7_IRQHandler                 0x0800385f   Thumb Code     0  startup_stm32f10x_hd.o(.text)
    DMA2_Channel1_IRQHandler                 0x0800385f   Thumb Code     0  startup_stm32f10x_hd.o(.text)
    DMA2_Channel2_IRQHandler                 0x0800385f   Thumb Code     0  startup_stm32f10x_hd.o(.text)
    DMA2_Channel3_IRQHandler                 0x0800385f   Thumb Code     0  startup_stm32f10x_hd.o(.text)
    DMA2_Channel4_5_IRQHandler               0x0800385f   Thumb Code     0  startup_stm32f10x_hd.o(.text)
    EXTI0_IRQHandler                         0x0800385f   Thumb Code     0  startup_stm32f10x_hd.o(.text)
    EXTI1_IRQHandler                         0x0800385f   Thumb Code     0  startup_stm32f10x_hd.o(.text)
    EXTI2_IRQHandler                         0x0800385f   Thumb Code     0  startup_stm32f10x_hd.o(.text)
    EXTI3_IRQHandler                         0x0800385f   Thumb Code     0  startup_stm32f10x_hd.o(.text)
    EXTI4_IRQHandler                         0x0800385f   Thumb Code     0  startup_stm32f10x_hd.o(.text)
    EXTI9_5_IRQHandler                       0x0800385f   Thumb Code     0  startup_stm32f10x_hd.o(.text)
    FLASH_IRQHandler                         0x0800385f   Thumb Code     0  startup_stm32f10x_hd.o(.text)
    FSMC_IRQHandler                          0x0800385f   Thumb Code     0  startup_stm32f10x_hd.o(.text)
    I2C1_ER_IRQHandler                       0x0800385f   Thumb Code     0  startup_stm32f10x_hd.o(.text)
    I2C1_EV_IRQHandler                       0x0800385f   Thumb Code     0  startup_stm32f10x_hd.o(.text)
    I2C2_ER_IRQHandler                       0x0800385f   Thumb Code     0  startup_stm32f10x_hd.o(.text)
    I2C2_EV_IRQHandler                       0x0800385f   Thumb Code     0  startup_stm32f10x_hd.o(.text)
    PVD_IRQHandler                           0x0800385f   Thumb Code     0  startup_stm32f10x_hd.o(.text)
    RCC_IRQHandler                           0x0800385f   Thumb Code     0  startup_stm32f10x_hd.o(.text)
    RTCAlarm_IRQHandler                      0x0800385f   Thumb Code     0  startup_stm32f10x_hd.o(.text)
    RTC_IRQHandler                           0x0800385f   Thumb Code     0  startup_stm32f10x_hd.o(.text)
    SDIO_IRQHandler                          0x0800385f   Thumb Code     0  startup_stm32f10x_hd.o(.text)
    SPI1_IRQHandler                          0x0800385f   Thumb Code     0  startup_stm32f10x_hd.o(.text)
    SPI2_IRQHandler                          0x0800385f   Thumb Code     0  startup_stm32f10x_hd.o(.text)
    SPI3_IRQHandler                          0x0800385f   Thumb Code     0  startup_stm32f10x_hd.o(.text)
    TAMPER_IRQHandler                        0x0800385f   Thumb Code     0  startup_stm32f10x_hd.o(.text)
    TIM1_BRK_IRQHandler                      0x0800385f   Thumb Code     0  startup_stm32f10x_hd.o(.text)
    TIM1_CC_IRQHandler                       0x0800385f   Thumb Code     0  startup_stm32f10x_hd.o(.text)
    TIM1_TRG_COM_IRQHandler                  0x0800385f   Thumb Code     0  startup_stm32f10x_hd.o(.text)
    TIM1_UP_IRQHandler                       0x0800385f   Thumb Code     0  startup_stm32f10x_hd.o(.text)
    TIM2_IRQHandler                          0x0800385f   Thumb Code     0  startup_stm32f10x_hd.o(.text)
    TIM3_IRQHandler                          0x0800385f   Thumb Code     0  startup_stm32f10x_hd.o(.text)
    TIM4_IRQHandler                          0x0800385f   Thumb Code     0  startup_stm32f10x_hd.o(.text)
    TIM5_IRQHandler                          0x0800385f   Thumb Code     0  startup_stm32f10x_hd.o(.text)
    TIM7_IRQHandler                          0x0800385f   Thumb Code     0  startup_stm32f10x_hd.o(.text)
    TIM8_BRK_IRQHandler                      0x0800385f   Thumb Code     0  startup_stm32f10x_hd.o(.text)
    TIM8_CC_IRQHandler                       0x0800385f   Thumb Code     0  startup_stm32f10x_hd.o(.text)
    TIM8_TRG_COM_IRQHandler                  0x0800385f   Thumb Code     0  startup_stm32f10x_hd.o(.text)
    TIM8_UP_IRQHandler                       0x0800385f   Thumb Code     0  startup_stm32f10x_hd.o(.text)
    UART4_IRQHandler                         0x0800385f   Thumb Code     0  startup_stm32f10x_hd.o(.text)
    UART5_IRQHandler                         0x0800385f   Thumb Code     0  startup_stm32f10x_hd.o(.text)
    USART1_IRQHandler                        0x0800385f   Thumb Code     0  startup_stm32f10x_hd.o(.text)
    USART2_IRQHandler                        0x0800385f   Thumb Code     0  startup_stm32f10x_hd.o(.text)
    USART3_IRQHandler                        0x0800385f   Thumb Code     0  startup_stm32f10x_hd.o(.text)
    USBWakeUp_IRQHandler                     0x0800385f   Thumb Code     0  startup_stm32f10x_hd.o(.text)
    USB_HP_CAN1_TX_IRQHandler                0x0800385f   Thumb Code     0  startup_stm32f10x_hd.o(.text)
    USB_LP_CAN1_RX0_IRQHandler               0x0800385f   Thumb Code     0  startup_stm32f10x_hd.o(.text)
    WWDG_IRQHandler                          0x0800385f   Thumb Code     0  startup_stm32f10x_hd.o(.text)
    __user_initial_stackheap                 0x08003861   Thumb Code     0  startup_stm32f10x_hd.o(.text)
    NVIC_PriorityGroupConfig                 0x08003885   Thumb Code    10  misc.o(.text)
    NVIC_Init                                0x0800388f   Thumb Code   100  misc.o(.text)
    NVIC_SetVectorTable                      0x080038f3   Thumb Code    14  misc.o(.text)
    NVIC_SystemLPConfig                      0x08003901   Thumb Code    34  misc.o(.text)
    SysTick_CLKSourceConfig                  0x08003923   Thumb Code    40  misc.o(.text)
    ADC_DeInit                               0x08003961   Thumb Code    78  stm32f10x_adc.o(.text)
    ADC_Init                                 0x080039af   Thumb Code    70  stm32f10x_adc.o(.text)
    ADC_StructInit                           0x080039f5   Thumb Code    18  stm32f10x_adc.o(.text)
    ADC_Cmd                                  0x08003a07   Thumb Code    22  stm32f10x_adc.o(.text)
    ADC_DMACmd                               0x08003a1d   Thumb Code    22  stm32f10x_adc.o(.text)
    ADC_ITConfig                             0x08003a33   Thumb Code    24  stm32f10x_adc.o(.text)
    ADC_ResetCalibration                     0x08003a4b   Thumb Code    10  stm32f10x_adc.o(.text)
    ADC_GetResetCalibrationStatus            0x08003a55   Thumb Code    20  stm32f10x_adc.o(.text)
    ADC_StartCalibration                     0x08003a69   Thumb Code    10  stm32f10x_adc.o(.text)
    ADC_GetCalibrationStatus                 0x08003a73   Thumb Code    20  stm32f10x_adc.o(.text)
    ADC_SoftwareStartConvCmd                 0x08003a87   Thumb Code    22  stm32f10x_adc.o(.text)
    ADC_GetSoftwareStartConvStatus           0x08003a9d   Thumb Code    20  stm32f10x_adc.o(.text)
    ADC_DiscModeChannelCountConfig           0x08003ab1   Thumb Code    24  stm32f10x_adc.o(.text)
    ADC_DiscModeCmd                          0x08003ac9   Thumb Code    22  stm32f10x_adc.o(.text)
    ADC_RegularChannelConfig                 0x08003adf   Thumb Code   184  stm32f10x_adc.o(.text)
    ADC_ExternalTrigConvCmd                  0x08003b97   Thumb Code    22  stm32f10x_adc.o(.text)
    ADC_GetConversionValue                   0x08003bad   Thumb Code     8  stm32f10x_adc.o(.text)
    ADC_GetDualModeConversionValue           0x08003bb5   Thumb Code     8  stm32f10x_adc.o(.text)
    ADC_AutoInjectedConvCmd                  0x08003bbd   Thumb Code    22  stm32f10x_adc.o(.text)
    ADC_InjectedDiscModeCmd                  0x08003bd3   Thumb Code    22  stm32f10x_adc.o(.text)
    ADC_ExternalTrigInjectedConvConfig       0x08003be9   Thumb Code    16  stm32f10x_adc.o(.text)
    ADC_ExternalTrigInjectedConvCmd          0x08003bf9   Thumb Code    22  stm32f10x_adc.o(.text)
    ADC_SoftwareStartInjectedConvCmd         0x08003c0f   Thumb Code    22  stm32f10x_adc.o(.text)
    ADC_GetSoftwareStartInjectedConvCmdStatus 0x08003c25   Thumb Code    20  stm32f10x_adc.o(.text)
    ADC_InjectedChannelConfig                0x08003c39   Thumb Code   130  stm32f10x_adc.o(.text)
    ADC_InjectedSequencerLengthConfig        0x08003cbb   Thumb Code    24  stm32f10x_adc.o(.text)
    ADC_SetInjectedOffset                    0x08003cd3   Thumb Code    20  stm32f10x_adc.o(.text)
    ADC_GetInjectedConversionValue           0x08003ce7   Thumb Code    28  stm32f10x_adc.o(.text)
    ADC_AnalogWatchdogCmd                    0x08003d03   Thumb Code    16  stm32f10x_adc.o(.text)
    ADC_AnalogWatchdogThresholdsConfig       0x08003d13   Thumb Code     6  stm32f10x_adc.o(.text)
    ADC_AnalogWatchdogSingleChannelConfig    0x08003d19   Thumb Code    16  stm32f10x_adc.o(.text)
    ADC_TempSensorVrefintCmd                 0x08003d29   Thumb Code    64  stm32f10x_adc.o(.text)
    ADC_GetFlagStatus                        0x08003d69   Thumb Code    18  stm32f10x_adc.o(.text)
    ADC_ClearFlag                            0x08003d7b   Thumb Code     6  stm32f10x_adc.o(.text)
    ADC_GetITStatus                          0x08003d81   Thumb Code    36  stm32f10x_adc.o(.text)
    ADC_ClearITPendingBit                    0x08003da5   Thumb Code    10  stm32f10x_adc.o(.text)
    DMA_DeInit                               0x08003db1   Thumb Code   324  stm32f10x_dma.o(.text)
    DMA_Init                                 0x08003ef5   Thumb Code    60  stm32f10x_dma.o(.text)
    DMA_StructInit                           0x08003f31   Thumb Code    26  stm32f10x_dma.o(.text)
    DMA_Cmd                                  0x08003f4b   Thumb Code    24  stm32f10x_dma.o(.text)
    DMA_ITConfig                             0x08003f63   Thumb Code    18  stm32f10x_dma.o(.text)
    DMA_SetCurrDataCounter                   0x08003f75   Thumb Code     4  stm32f10x_dma.o(.text)
    DMA_GetCurrDataCounter                   0x08003f79   Thumb Code     8  stm32f10x_dma.o(.text)
    DMA_GetFlagStatus                        0x08003f81   Thumb Code    40  stm32f10x_dma.o(.text)
    DMA_ClearFlag                            0x08003fa9   Thumb Code    22  stm32f10x_dma.o(.text)
    DMA_GetITStatus                          0x08003fbf   Thumb Code    40  stm32f10x_dma.o(.text)
    DMA_ClearITPendingBit                    0x08003fe7   Thumb Code    22  stm32f10x_dma.o(.text)
    EXTI_DeInit                              0x08004005   Thumb Code    28  stm32f10x_exti.o(.text)
    EXTI_Init                                0x08004021   Thumb Code   142  stm32f10x_exti.o(.text)
    EXTI_StructInit                          0x080040af   Thumb Code    16  stm32f10x_exti.o(.text)
    EXTI_GenerateSWInterrupt                 0x080040bf   Thumb Code    16  stm32f10x_exti.o(.text)
    EXTI_GetFlagStatus                       0x080040cf   Thumb Code    22  stm32f10x_exti.o(.text)
    EXTI_ClearFlag                           0x080040e5   Thumb Code     8  stm32f10x_exti.o(.text)
    EXTI_GetITStatus                         0x080040ed   Thumb Code    34  stm32f10x_exti.o(.text)
    EXTI_ClearITPendingBit                   0x0800410f   Thumb Code     8  stm32f10x_exti.o(.text)
    FLASH_SetLatency                         0x08004121   Thumb Code    18  stm32f10x_flash.o(.text)
    FLASH_HalfCycleAccessCmd                 0x08004133   Thumb Code    22  stm32f10x_flash.o(.text)
    FLASH_PrefetchBufferCmd                  0x08004149   Thumb Code    22  stm32f10x_flash.o(.text)
    FLASH_Unlock                             0x0800415f   Thumb Code    12  stm32f10x_flash.o(.text)
    FLASH_UnlockBank1                        0x0800416b   Thumb Code    12  stm32f10x_flash.o(.text)
    FLASH_Lock                               0x08004177   Thumb Code    14  stm32f10x_flash.o(.text)
    FLASH_LockBank1                          0x08004185   Thumb Code    14  stm32f10x_flash.o(.text)
    FLASH_GetBank1Status                     0x08004193   Thumb Code    48  stm32f10x_flash.o(.text)
    FLASH_WaitForLastOperation               0x080041c3   Thumb Code    38  stm32f10x_flash.o(.text)
    FLASH_ErasePage                          0x080041e9   Thumb Code    72  stm32f10x_flash.o(.text)
    FLASH_EraseAllPages                      0x08004231   Thumb Code    68  stm32f10x_flash.o(.text)
    FLASH_WaitForLastBank1Operation          0x08004275   Thumb Code    38  stm32f10x_flash.o(.text)
    FLASH_EraseAllBank1Pages                 0x0800429b   Thumb Code    68  stm32f10x_flash.o(.text)
    FLASH_GetReadOutProtectionStatus         0x080042df   Thumb Code    20  stm32f10x_flash.o(.text)
    FLASH_EraseOptionBytes                   0x080042f3   Thumb Code   150  stm32f10x_flash.o(.text)
    FLASH_ProgramWord                        0x08004389   Thumb Code   102  stm32f10x_flash.o(.text)
    FLASH_ProgramHalfWord                    0x080043ef   Thumb Code    60  stm32f10x_flash.o(.text)
    FLASH_ProgramOptionByteData              0x0800442b   Thumb Code    72  stm32f10x_flash.o(.text)
    FLASH_EnableWriteProtection              0x08004473   Thumb Code   200  stm32f10x_flash.o(.text)
    FLASH_ReadOutProtection                  0x0800453b   Thumb Code   156  stm32f10x_flash.o(.text)
    FLASH_UserOptionByteConfig               0x080045d7   Thumb Code    88  stm32f10x_flash.o(.text)
    FLASH_GetUserOptionByte                  0x0800462f   Thumb Code     8  stm32f10x_flash.o(.text)
    FLASH_GetWriteProtectionOptionByte       0x08004637   Thumb Code     6  stm32f10x_flash.o(.text)
    FLASH_GetPrefetchBufferStatus            0x0800463d   Thumb Code    20  stm32f10x_flash.o(.text)
    FLASH_ITConfig                           0x08004651   Thumb Code    26  stm32f10x_flash.o(.text)
    FLASH_GetFlagStatus                      0x0800466b   Thumb Code    42  stm32f10x_flash.o(.text)
    FLASH_ClearFlag                          0x08004695   Thumb Code     6  stm32f10x_flash.o(.text)
    FLASH_GetStatus                          0x0800469b   Thumb Code    48  stm32f10x_flash.o(.text)
    GPIO_DeInit                              0x080046dd   Thumb Code   172  stm32f10x_gpio.o(.text)
    GPIO_AFIODeInit                          0x08004789   Thumb Code    20  stm32f10x_gpio.o(.text)
    GPIO_Init                                0x0800479d   Thumb Code   278  stm32f10x_gpio.o(.text)
    GPIO_StructInit                          0x080048b3   Thumb Code    16  stm32f10x_gpio.o(.text)
    GPIO_ReadInputDataBit                    0x080048c3   Thumb Code    18  stm32f10x_gpio.o(.text)
    GPIO_ReadInputData                       0x080048d5   Thumb Code     8  stm32f10x_gpio.o(.text)
    GPIO_ReadOutputDataBit                   0x080048dd   Thumb Code    18  stm32f10x_gpio.o(.text)
    GPIO_ReadOutputData                      0x080048ef   Thumb Code     8  stm32f10x_gpio.o(.text)
    GPIO_SetBits                             0x080048f7   Thumb Code     4  stm32f10x_gpio.o(.text)
    GPIO_ResetBits                           0x080048fb   Thumb Code     4  stm32f10x_gpio.o(.text)
    GPIO_WriteBit                            0x080048ff   Thumb Code    10  stm32f10x_gpio.o(.text)
    GPIO_Write                               0x08004909   Thumb Code     4  stm32f10x_gpio.o(.text)
    GPIO_PinLockConfig                       0x0800490d   Thumb Code    18  stm32f10x_gpio.o(.text)
    GPIO_EventOutputConfig                   0x0800491f   Thumb Code    26  stm32f10x_gpio.o(.text)
    GPIO_EventOutputCmd                      0x08004939   Thumb Code     6  stm32f10x_gpio.o(.text)
    GPIO_PinRemapConfig                      0x0800493f   Thumb Code   138  stm32f10x_gpio.o(.text)
    GPIO_EXTILineConfig                      0x080049c9   Thumb Code    66  stm32f10x_gpio.o(.text)
    GPIO_ETH_MediaInterfaceConfig            0x08004a0b   Thumb Code     8  stm32f10x_gpio.o(.text)
    RCC_DeInit                               0x08004a39   Thumb Code    64  stm32f10x_rcc.o(.text)
    RCC_HSEConfig                            0x08004a79   Thumb Code    70  stm32f10x_rcc.o(.text)
    RCC_GetFlagStatus                        0x08004abf   Thumb Code    56  stm32f10x_rcc.o(.text)
    RCC_WaitForHSEStartUp                    0x08004af7   Thumb Code    56  stm32f10x_rcc.o(.text)
    RCC_AdjustHSICalibrationValue            0x08004b2f   Thumb Code    20  stm32f10x_rcc.o(.text)
    RCC_HSICmd                               0x08004b43   Thumb Code     6  stm32f10x_rcc.o(.text)
    RCC_PLLConfig                            0x08004b49   Thumb Code    24  stm32f10x_rcc.o(.text)
    RCC_PLLCmd                               0x08004b61   Thumb Code     6  stm32f10x_rcc.o(.text)
    RCC_SYSCLKConfig                         0x08004b67   Thumb Code    18  stm32f10x_rcc.o(.text)
    RCC_GetSYSCLKSource                      0x08004b79   Thumb Code    10  stm32f10x_rcc.o(.text)
    RCC_HCLKConfig                           0x08004b83   Thumb Code    18  stm32f10x_rcc.o(.text)
    RCC_PCLK1Config                          0x08004b95   Thumb Code    18  stm32f10x_rcc.o(.text)
    RCC_PCLK2Config                          0x08004ba7   Thumb Code    20  stm32f10x_rcc.o(.text)
    RCC_ITConfig                             0x08004bbb   Thumb Code    26  stm32f10x_rcc.o(.text)
    RCC_USBCLKConfig                         0x08004bd5   Thumb Code     8  stm32f10x_rcc.o(.text)
    RCC_ADCCLKConfig                         0x08004bdd   Thumb Code    18  stm32f10x_rcc.o(.text)
    RCC_LSEConfig                            0x08004bef   Thumb Code    50  stm32f10x_rcc.o(.text)
    RCC_LSICmd                               0x08004c21   Thumb Code     6  stm32f10x_rcc.o(.text)
    RCC_RTCCLKConfig                         0x08004c27   Thumb Code    12  stm32f10x_rcc.o(.text)
    RCC_RTCCLKCmd                            0x08004c33   Thumb Code     8  stm32f10x_rcc.o(.text)
    RCC_GetClocksFreq                        0x08004c3b   Thumb Code   192  stm32f10x_rcc.o(.text)
    RCC_AHBPeriphClockCmd                    0x08004cfb   Thumb Code    26  stm32f10x_rcc.o(.text)
    RCC_APB2PeriphClockCmd                   0x08004d15   Thumb Code    26  stm32f10x_rcc.o(.text)
    RCC_APB1PeriphClockCmd                   0x08004d2f   Thumb Code    26  stm32f10x_rcc.o(.text)
    RCC_APB2PeriphResetCmd                   0x08004d49   Thumb Code    26  stm32f10x_rcc.o(.text)
    RCC_APB1PeriphResetCmd                   0x08004d63   Thumb Code    26  stm32f10x_rcc.o(.text)
    RCC_BackupResetCmd                       0x08004d7d   Thumb Code     8  stm32f10x_rcc.o(.text)
    RCC_ClockSecuritySystemCmd               0x08004d85   Thumb Code     6  stm32f10x_rcc.o(.text)
    RCC_MCOConfig                            0x08004d8b   Thumb Code     6  stm32f10x_rcc.o(.text)
    RCC_ClearFlag                            0x08004d91   Thumb Code    14  stm32f10x_rcc.o(.text)
    RCC_GetITStatus                          0x08004d9f   Thumb Code    20  stm32f10x_rcc.o(.text)
    RCC_ClearITPendingBit                    0x08004db3   Thumb Code     6  stm32f10x_rcc.o(.text)
    SPI_I2S_DeInit                           0x08004ddd   Thumb Code    76  stm32f10x_spi.o(.text)
    SPI_Init                                 0x08004e29   Thumb Code    60  stm32f10x_spi.o(.text)
    I2S_Init                                 0x08004e65   Thumb Code   226  stm32f10x_spi.o(.text)
    SPI_StructInit                           0x08004f47   Thumb Code    24  stm32f10x_spi.o(.text)
    I2S_StructInit                           0x08004f5f   Thumb Code    20  stm32f10x_spi.o(.text)
    SPI_Cmd                                  0x08004f73   Thumb Code    24  stm32f10x_spi.o(.text)
    I2S_Cmd                                  0x08004f8b   Thumb Code    24  stm32f10x_spi.o(.text)
    SPI_I2S_ITConfig                         0x08004fa3   Thumb Code    32  stm32f10x_spi.o(.text)
    SPI_I2S_DMACmd                           0x08004fc3   Thumb Code    18  stm32f10x_spi.o(.text)
    SPI_I2S_SendData                         0x08004fd5   Thumb Code     4  stm32f10x_spi.o(.text)
    SPI_I2S_ReceiveData                      0x08004fd9   Thumb Code     6  stm32f10x_spi.o(.text)
    SPI_NSSInternalSoftwareConfig            0x08004fdf   Thumb Code    30  stm32f10x_spi.o(.text)
    SPI_SSOutputCmd                          0x08004ffd   Thumb Code    24  stm32f10x_spi.o(.text)
    SPI_DataSizeConfig                       0x08005015   Thumb Code    18  stm32f10x_spi.o(.text)
    SPI_TransmitCRC                          0x08005027   Thumb Code    10  stm32f10x_spi.o(.text)
    SPI_CalculateCRC                         0x08005031   Thumb Code    24  stm32f10x_spi.o(.text)
    SPI_GetCRC                               0x08005049   Thumb Code    16  stm32f10x_spi.o(.text)
    SPI_GetCRCPolynomial                     0x08005059   Thumb Code     6  stm32f10x_spi.o(.text)
    SPI_BiDirectionalLineConfig              0x0800505f   Thumb Code    28  stm32f10x_spi.o(.text)
    SPI_I2S_GetFlagStatus                    0x0800507b   Thumb Code    18  stm32f10x_spi.o(.text)
    SPI_I2S_ClearFlag                        0x0800508d   Thumb Code     6  stm32f10x_spi.o(.text)
    SPI_I2S_GetITStatus                      0x08005093   Thumb Code    52  stm32f10x_spi.o(.text)
    SPI_I2S_ClearITPendingBit                0x080050c7   Thumb Code    20  stm32f10x_spi.o(.text)
    TIM_DeInit                               0x080050e9   Thumb Code   424  stm32f10x_tim.o(.text)
    TIM_TimeBaseInit                         0x08005291   Thumb Code   122  stm32f10x_tim.o(.text)
    TIM_OC1Init                              0x0800530b   Thumb Code   132  stm32f10x_tim.o(.text)
    TIM_OC2Init                              0x0800538f   Thumb Code   154  stm32f10x_tim.o(.text)
    TIM_OC3Init                              0x08005429   Thumb Code   150  stm32f10x_tim.o(.text)
    TIM_OC4Init                              0x080054bf   Thumb Code   182  stm32f10x_tim.o(.text)
    TIM_SetIC4Prescaler                      0x08005575   Thumb Code    26  stm32f10x_tim.o(.text)
    TIM_SetIC3Prescaler                      0x08005611   Thumb Code    18  stm32f10x_tim.o(.text)
    TIM_SetIC2Prescaler                      0x0800569d   Thumb Code    26  stm32f10x_tim.o(.text)
    TIM_SetIC1Prescaler                      0x08005739   Thumb Code    18  stm32f10x_tim.o(.text)
    TIM_ICInit                               0x080057b7   Thumb Code   150  stm32f10x_tim.o(.text)
    TIM_PWMIConfig                           0x0800584d   Thumb Code   124  stm32f10x_tim.o(.text)
    TIM_BDTRConfig                           0x080058c9   Thumb Code    32  stm32f10x_tim.o(.text)
    TIM_TimeBaseStructInit                   0x080058e9   Thumb Code    18  stm32f10x_tim.o(.text)
    TIM_OCStructInit                         0x080058fb   Thumb Code    20  stm32f10x_tim.o(.text)
    TIM_ICStructInit                         0x0800590f   Thumb Code    18  stm32f10x_tim.o(.text)
    TIM_BDTRStructInit                       0x08005921   Thumb Code    40  stm32f10x_tim.o(.text)
    TIM_Cmd                                  0x08005949   Thumb Code    24  stm32f10x_tim.o(.text)
    TIM_CtrlPWMOutputs                       0x08005961   Thumb Code    30  stm32f10x_tim.o(.text)
    TIM_ITConfig                             0x0800597f   Thumb Code    18  stm32f10x_tim.o(.text)
    TIM_GenerateEvent                        0x08005991   Thumb Code     4  stm32f10x_tim.o(.text)
    TIM_DMAConfig                            0x08005995   Thumb Code    10  stm32f10x_tim.o(.text)
    TIM_DMACmd                               0x0800599f   Thumb Code    18  stm32f10x_tim.o(.text)
    TIM_InternalClockConfig                  0x080059b1   Thumb Code    12  stm32f10x_tim.o(.text)
    TIM_SelectInputTrigger                   0x080059bd   Thumb Code    18  stm32f10x_tim.o(.text)
    TIM_ITRxExternalClockConfig              0x080059cf   Thumb Code    24  stm32f10x_tim.o(.text)
    TIM_TIxExternalClockConfig               0x080059e7   Thumb Code    62  stm32f10x_tim.o(.text)
    TIM_ETRConfig                            0x08005a25   Thumb Code    28  stm32f10x_tim.o(.text)
    TIM_ETRClockMode1Config                  0x08005a41   Thumb Code    54  stm32f10x_tim.o(.text)
    TIM_ETRClockMode2Config                  0x08005a77   Thumb Code    32  stm32f10x_tim.o(.text)
    TIM_PrescalerConfig                      0x08005a97   Thumb Code     6  stm32f10x_tim.o(.text)
    TIM_CounterModeConfig                    0x08005a9d   Thumb Code    18  stm32f10x_tim.o(.text)
    TIM_EncoderInterfaceConfig               0x08005aaf   Thumb Code    66  stm32f10x_tim.o(.text)
    TIM_ForcedOC1Config                      0x08005af1   Thumb Code    18  stm32f10x_tim.o(.text)
    TIM_ForcedOC2Config                      0x08005b03   Thumb Code    26  stm32f10x_tim.o(.text)
    TIM_ForcedOC3Config                      0x08005b1d   Thumb Code    18  stm32f10x_tim.o(.text)
    TIM_ForcedOC4Config                      0x08005b2f   Thumb Code    26  stm32f10x_tim.o(.text)
    TIM_ARRPreloadConfig                     0x08005b49   Thumb Code    24  stm32f10x_tim.o(.text)
    TIM_SelectCOM                            0x08005b61   Thumb Code    24  stm32f10x_tim.o(.text)
    TIM_SelectCCDMA                          0x08005b79   Thumb Code    24  stm32f10x_tim.o(.text)
    TIM_CCPreloadControl                     0x08005b91   Thumb Code    24  stm32f10x_tim.o(.text)
    TIM_OC1PreloadConfig                     0x08005ba9   Thumb Code    18  stm32f10x_tim.o(.text)
    TIM_OC2PreloadConfig                     0x08005bbb   Thumb Code    26  stm32f10x_tim.o(.text)
    TIM_OC3PreloadConfig                     0x08005bd5   Thumb Code    18  stm32f10x_tim.o(.text)
    TIM_OC4PreloadConfig                     0x08005be7   Thumb Code    26  stm32f10x_tim.o(.text)
    TIM_OC1FastConfig                        0x08005c01   Thumb Code    18  stm32f10x_tim.o(.text)
    TIM_OC2FastConfig                        0x08005c13   Thumb Code    26  stm32f10x_tim.o(.text)
    TIM_OC3FastConfig                        0x08005c2d   Thumb Code    18  stm32f10x_tim.o(.text)
    TIM_OC4FastConfig                        0x08005c3f   Thumb Code    26  stm32f10x_tim.o(.text)
    TIM_ClearOC1Ref                          0x08005c59   Thumb Code    18  stm32f10x_tim.o(.text)
    TIM_ClearOC2Ref                          0x08005c6b   Thumb Code    24  stm32f10x_tim.o(.text)
    TIM_ClearOC3Ref                          0x08005c83   Thumb Code    18  stm32f10x_tim.o(.text)
    TIM_ClearOC4Ref                          0x08005c95   Thumb Code    24  stm32f10x_tim.o(.text)
    TIM_OC1PolarityConfig                    0x08005cad   Thumb Code    18  stm32f10x_tim.o(.text)
    TIM_OC1NPolarityConfig                   0x08005cbf   Thumb Code    18  stm32f10x_tim.o(.text)
    TIM_OC2PolarityConfig                    0x08005cd1   Thumb Code    26  stm32f10x_tim.o(.text)
    TIM_OC2NPolarityConfig                   0x08005ceb   Thumb Code    26  stm32f10x_tim.o(.text)
    TIM_OC3PolarityConfig                    0x08005d05   Thumb Code    26  stm32f10x_tim.o(.text)
    TIM_OC3NPolarityConfig                   0x08005d1f   Thumb Code    26  stm32f10x_tim.o(.text)
    TIM_OC4PolarityConfig                    0x08005d39   Thumb Code    26  stm32f10x_tim.o(.text)
    TIM_CCxCmd                               0x08005d53   Thumb Code    30  stm32f10x_tim.o(.text)
    TIM_CCxNCmd                              0x08005d71   Thumb Code    30  stm32f10x_tim.o(.text)
    TIM_SelectOCxM                           0x08005d8f   Thumb Code    82  stm32f10x_tim.o(.text)
    TIM_UpdateDisableConfig                  0x08005de1   Thumb Code    24  stm32f10x_tim.o(.text)
    TIM_UpdateRequestConfig                  0x08005df9   Thumb Code    24  stm32f10x_tim.o(.text)
    TIM_SelectHallSensor                     0x08005e11   Thumb Code    24  stm32f10x_tim.o(.text)
    TIM_SelectOnePulseMode                   0x08005e29   Thumb Code    18  stm32f10x_tim.o(.text)
    TIM_SelectOutputTrigger                  0x08005e3b   Thumb Code    18  stm32f10x_tim.o(.text)
    TIM_SelectSlaveMode                      0x08005e4d   Thumb Code    18  stm32f10x_tim.o(.text)
    TIM_SelectMasterSlaveMode                0x08005e5f   Thumb Code    18  stm32f10x_tim.o(.text)
    TIM_SetCounter                           0x08005e71   Thumb Code     4  stm32f10x_tim.o(.text)
    TIM_SetAutoreload                        0x08005e75   Thumb Code     4  stm32f10x_tim.o(.text)
    TIM_SetCompare1                          0x08005e79   Thumb Code     4  stm32f10x_tim.o(.text)
    TIM_SetCompare2                          0x08005e7d   Thumb Code     4  stm32f10x_tim.o(.text)
    TIM_SetCompare3                          0x08005e81   Thumb Code     4  stm32f10x_tim.o(.text)
    TIM_SetCompare4                          0x08005e85   Thumb Code     6  stm32f10x_tim.o(.text)
    TIM_SetClockDivision                     0x08005e8b   Thumb Code    18  stm32f10x_tim.o(.text)
    TIM_GetCapture1                          0x08005e9d   Thumb Code     6  stm32f10x_tim.o(.text)
    TIM_GetCapture2                          0x08005ea3   Thumb Code     6  stm32f10x_tim.o(.text)
    TIM_GetCapture3                          0x08005ea9   Thumb Code     6  stm32f10x_tim.o(.text)
    TIM_GetCapture4                          0x08005eaf   Thumb Code     8  stm32f10x_tim.o(.text)
    TIM_GetCounter                           0x08005eb7   Thumb Code     6  stm32f10x_tim.o(.text)
    TIM_GetPrescaler                         0x08005ebd   Thumb Code     6  stm32f10x_tim.o(.text)
    TIM_GetFlagStatus                        0x08005ec3   Thumb Code    18  stm32f10x_tim.o(.text)
    TIM_ClearFlag                            0x08005ed5   Thumb Code     6  stm32f10x_tim.o(.text)
    TIM_GetITStatus                          0x08005edb   Thumb Code    34  stm32f10x_tim.o(.text)
    TIM_ClearITPendingBit                    0x08005efd   Thumb Code     6  stm32f10x_tim.o(.text)
    Init_24L01                               0x08005f05   Thumb Code   232  micromouse_24l01.o(.text)
    w24L01_SendByte                          0x08005fed   Thumb Code    48  micromouse_24l01.o(.text)
    w24L01_WriteReg                          0x0800601d   Thumb Code    42  micromouse_24l01.o(.text)
    w24L01_ReadReg                           0x08006047   Thumb Code    44  micromouse_24l01.o(.text)
    w24L01_WriteData                         0x08006073   Thumb Code    60  micromouse_24l01.o(.text)
    w24L01_ReadData                          0x080060af   Thumb Code    62  micromouse_24l01.o(.text)
    w24L01_SetCommonConfig                   0x080060ed   Thumb Code    72  micromouse_24l01.o(.text)
    w24L01_SetRxMode                         0x08006135   Thumb Code   170  micromouse_24l01.o(.text)
    w24L01_SetTxMode                         0x080061df   Thumb Code   178  micromouse_24l01.o(.text)
    w24L01_ReadBuffer                        0x08006291   Thumb Code    76  micromouse_24l01.o(.text)
    w24L01_SendData                          0x080062dd   Thumb Code   120  micromouse_24l01.o(.text)
    PushOneDataFrame                         0x08006359   Thumb Code   176  micromouse_datacache.o(.text)
    SendOneDataFrame                         0x08006409   Thumb Code    40  micromouse_datacache.o(.text)
    GetAddBufferPointer                      0x08006431   Thumb Code    10  micromouse_datacache.o(.text)
    ReadOneFrameData                         0x0800643b   Thumb Code    12  micromouse_datacache.o(.text)
    MirMouse_WriteMapInf                     0x08006465   Thumb Code   736  micromouse_flash.o(.text)
    MirMouse_ReadMapInf                      0x08006745   Thumb Code   252  micromouse_flash.o(.text)
    MMMSE                                    0x08006879   Thumb Code   876  micromousealgorithm.o(.text)
    MMMGB                                    0x08006be5   Thumb Code  1034  micromousealgorithm.o(.text)
    IRCD                                     0x08006fef   Thumb Code   498  micromousealgorithm.o(.text)
    SIRP                                     0x080071e1   Thumb Code    72  micromousealgorithm.o(.text)
    SGP                                      0x08007229   Thumb Code    10  micromousealgorithm.o(.text)
    GCA                                      0x08007233   Thumb Code    96  micromousealgorithm.o(.text)
    GC                                       0x08007293   Thumb Code    78  micromousealgorithm.o(.text)
    IRSPC                                    0x080072e1   Thumb Code   118  micromousealgorithm.o(.text)
    IRDC                                     0x08007357   Thumb Code    44  micromousealgorithm.o(.text)
    readStm32UniqueID                        0x08007383   Thumb Code    26  micromousealgorithm.o(.text)
    compare_UID                              0x0800739d   Thumb Code    54  micromousealgorithm.o(.text)
    CDR                                      0x080073d3   Thumb Code   280  micromousealgorithm.o(.text)
    MMSPS                                    0x080074eb   Thumb Code   726  micromousealgorithm.o(.text)
    MMSP                                     0x080077c1   Thumb Code  1978  micromousealgorithm.o(.text)
    MMPC45                                   0x08007f7b   Thumb Code   726  micromousealgorithm.o(.text)
    SCL                                      0x08008251   Thumb Code   210  micromousealgorithm.o(.text)
    SCR                                      0x08008323   Thumb Code   232  micromousealgorithm.o(.text)
    PIDIRSC                                  0x0800840b   Thumb Code  1286  micromousealgorithm.o(.text)
    MMCU04590                                0x08008911   Thumb Code   432  micromousealgorithm.o(.text)
    MMSWI                                    0x08008ac1   Thumb Code   470  micromousealgorithm.o(.text)
    MMGWI                                    0x08008c97   Thumb Code   330  micromousealgorithm.o(.text)
    MMSPC                                    0x08008de1   Thumb Code    56  micromousealgorithm.o(.text)
    MMSPP                                    0x08008e19   Thumb Code  1374  micromousealgorithm.o(.text)
    MMSEPC                                   0x08009377   Thumb Code   276  micromousealgorithm.o(.text)
    MMLPC                                    0x0800948b   Thumb Code   180  micromousealgorithm.o(.text)
    __use_two_region_memory                  0x08009585   Thumb Code     2  heapauxi.o(.text)
    __rt_heap_escrow$2region                 0x08009587   Thumb Code     2  heapauxi.o(.text)
    __rt_heap_expand$2region                 0x08009589   Thumb Code     2  heapauxi.o(.text)
    __read_errno                             0x0800958b   Thumb Code    10  _rserrno.o(.text)
    __set_errno                              0x08009595   Thumb Code    12  _rserrno.o(.text)
    __aeabi_errno_addr                       0x080095a1   Thumb Code     8  rt_errno_addr_intlibspace.o(.text)
    __errno$intlibspace                      0x080095a1   Thumb Code     0  rt_errno_addr_intlibspace.o(.text)
    __rt_errno_addr$intlibspace              0x080095a1   Thumb Code     0  rt_errno_addr_intlibspace.o(.text)
    __user_libspace                          0x080095a9   Thumb Code     8  libspace.o(.text)
    __user_perproc_libspace                  0x080095a9   Thumb Code     0  libspace.o(.text)
    __user_perthread_libspace                0x080095a9   Thumb Code     0  libspace.o(.text)
    __user_setup_stackheap                   0x080095b1   Thumb Code    74  sys_stackheap_outer.o(.text)
    exit                                     0x080095fb   Thumb Code    18  exit.o(.text)
    _sys_exit                                0x0800960d   Thumb Code     8  sys_exit.o(.text)
    __I$use$semihosting                      0x08009619   Thumb Code     0  use_no_semi.o(.text)
    __use_no_semihosting_swi                 0x08009619   Thumb Code     2  use_no_semi.o(.text)
    __ARM_fpclassify                         0x0800961b   Thumb Code    40  fpclassify.o(i.__ARM_fpclassify)
    __semihosting_library_function           0x0800961b   Thumb Code     0  indicate_semi.o(.text)
    __kernel_poly                            0x08009643   Thumb Code   170  poly.o(i.__kernel_poly)
    __mathlib_dbl_infnan                     0x080096ed   Thumb Code     6  dunder.o(i.__mathlib_dbl_infnan)
    __mathlib_dbl_underflow                  0x080096f5   Thumb Code    10  dunder.o(i.__mathlib_dbl_underflow)
    atan                                     0x08009705   Thumb Code   474  atan.o(i.atan)
    sqrt                                     0x08009925   Thumb Code    76  sqrt.o(i.sqrt)
    __aeabi_d2f                              0x08009971   Thumb Code     0  d2f.o(x$fpl$d2f)
    _d2f                                     0x08009971   Thumb Code    98  d2f.o(x$fpl$d2f)
    __aeabi_dadd                             0x080099d5   Thumb Code     0  daddsub_clz.o(x$fpl$dadd)
    _dadd                                    0x080099d5   Thumb Code   332  daddsub_clz.o(x$fpl$dadd)
    __fpl_dcheck_NaN1                        0x08009b25   Thumb Code    10  dcheck1.o(x$fpl$dcheck1)
    __fpl_dcmp_Inf                           0x08009b35   Thumb Code    24  dcmpi.o(x$fpl$dcmpinf)
    __aeabi_ddiv                             0x08009b4d   Thumb Code     0  ddiv.o(x$fpl$ddiv)
    _ddiv                                    0x08009b4d   Thumb Code   552  ddiv.o(x$fpl$ddiv)
    __aeabi_d2iz                             0x08009dfd   Thumb Code     0  dfix.o(x$fpl$dfix)
    _dfix                                    0x08009dfd   Thumb Code    94  dfix.o(x$fpl$dfix)
    __aeabi_i2d                              0x08009e5b   Thumb Code     0  dflt_clz.o(x$fpl$dflt)
    _dflt                                    0x08009e5b   Thumb Code    46  dflt_clz.o(x$fpl$dflt)
    __aeabi_ui2d                             0x08009e89   Thumb Code     0  dflt_clz.o(x$fpl$dfltu)
    _dfltu                                   0x08009e89   Thumb Code    38  dflt_clz.o(x$fpl$dfltu)
    __aeabi_cdcmple                          0x08009eb1   Thumb Code     0  dleqf.o(x$fpl$dleqf)
    _dcmple                                  0x08009eb1   Thumb Code   120  dleqf.o(x$fpl$dleqf)
    __fpl_dcmple_InfNaN                      0x08009f13   Thumb Code     0  dleqf.o(x$fpl$dleqf)
    __aeabi_dmul                             0x08009f29   Thumb Code     0  dmul.o(x$fpl$dmul)
    _dmul                                    0x08009f29   Thumb Code   332  dmul.o(x$fpl$dmul)
    __fpl_dnaninf                            0x0800a07d   Thumb Code   156  dnaninf.o(x$fpl$dnaninf)
    __fpl_dretinf                            0x0800a119   Thumb Code    12  dretinf.o(x$fpl$dretinf)
    __aeabi_cdrcmple                         0x0800a125   Thumb Code     0  drleqf.o(x$fpl$drleqf)
    _drcmple                                 0x0800a125   Thumb Code   108  drleqf.o(x$fpl$drleqf)
    __aeabi_drsub                            0x0800a191   Thumb Code     0  daddsub_clz.o(x$fpl$drsb)
    _drsb                                    0x0800a191   Thumb Code    22  daddsub_clz.o(x$fpl$drsb)
    _dsqrt                                   0x0800a1a9   Thumb Code   456  dsqrt_noumaal.o(x$fpl$dsqrt)
    __aeabi_dsub                             0x0800a375   Thumb Code     0  daddsub_clz.o(x$fpl$dsub)
    _dsub                                    0x0800a375   Thumb Code   464  daddsub_clz.o(x$fpl$dsub)
    __aeabi_f2d                              0x0800a549   Thumb Code     0  f2d.o(x$fpl$f2d)
    _f2d                                     0x0800a549   Thumb Code    86  f2d.o(x$fpl$f2d)
    __aeabi_fadd                             0x0800a5a1   Thumb Code     0  faddsub_clz.o(x$fpl$fadd)
    _fadd                                    0x0800a5a1   Thumb Code   196  faddsub_clz.o(x$fpl$fadd)
    __fpl_fcmp_Inf                           0x0800a665   Thumb Code    24  fcmpi.o(x$fpl$fcmpinf)
    __aeabi_fdiv                             0x0800a67d   Thumb Code     0  fdiv.o(x$fpl$fdiv)
    _fdiv                                    0x0800a67d   Thumb Code   384  fdiv.o(x$fpl$fdiv)
    __aeabi_cfcmpeq                          0x0800a801   Thumb Code     0  feqf.o(x$fpl$feqf)
    _fcmpeq                                  0x0800a801   Thumb Code   104  feqf.o(x$fpl$feqf)
    __aeabi_f2iz                             0x0800a869   Thumb Code     0  ffix.o(x$fpl$ffix)
    _ffix                                    0x0800a869   Thumb Code    54  ffix.o(x$fpl$ffix)
    __aeabi_f2uiz                            0x0800a8a1   Thumb Code     0  ffixu.o(x$fpl$ffixu)
    _ffixu                                   0x0800a8a1   Thumb Code    62  ffixu.o(x$fpl$ffixu)
    __aeabi_i2f                              0x0800a8e1   Thumb Code     0  fflt_clz.o(x$fpl$fflt)
    _fflt                                    0x0800a8e1   Thumb Code    48  fflt_clz.o(x$fpl$fflt)
    __aeabi_ui2f                             0x0800a911   Thumb Code     0  fflt_clz.o(x$fpl$ffltu)
    _ffltu                                   0x0800a911   Thumb Code    38  fflt_clz.o(x$fpl$ffltu)
    __aeabi_cfcmple                          0x0800a939   Thumb Code     0  fleqf.o(x$fpl$fleqf)
    _fcmple                                  0x0800a939   Thumb Code   104  fleqf.o(x$fpl$fleqf)
    __fpl_fcmple_InfNaN                      0x0800a98b   Thumb Code     0  fleqf.o(x$fpl$fleqf)
    __aeabi_fmul                             0x0800a9a1   Thumb Code     0  fmul.o(x$fpl$fmul)
    _fmul                                    0x0800a9a1   Thumb Code   258  fmul.o(x$fpl$fmul)
    __fpl_fnaninf                            0x0800aaa3   Thumb Code   140  fnaninf.o(x$fpl$fnaninf)
    __fpl_fretinf                            0x0800ab2f   Thumb Code    10  fretinf.o(x$fpl$fretinf)
    __aeabi_cfrcmple                         0x0800ab39   Thumb Code     0  frleqf.o(x$fpl$frleqf)
    _frcmple                                 0x0800ab39   Thumb Code    98  frleqf.o(x$fpl$frleqf)
    __aeabi_frsub                            0x0800ab9b   Thumb Code     0  faddsub_clz.o(x$fpl$frsb)
    _frsb                                    0x0800ab9b   Thumb Code    20  faddsub_clz.o(x$fpl$frsb)
    __aeabi_fsub                             0x0800abb1   Thumb Code     0  faddsub_clz.o(x$fpl$fsub)
    _fsub                                    0x0800abb1   Thumb Code   234  faddsub_clz.o(x$fpl$fsub)
    __fpl_return_NaN                         0x0800ac9b   Thumb Code   100  retnan.o(x$fpl$retnan)
    __ARM_scalbn                             0x0800acff   Thumb Code    92  scalbn.o(x$fpl$scalbn)
    __fpl_cmpreturn                          0x0800ad5b   Thumb Code    48  trapv.o(x$fpl$trapveneer)
    __I$use$fp                               0x0800ad8a   Number         0  usenofp.o(x$fpl$usenofp)
    Region$$Table$$Base                      0x0800ae28   Number         0  anon$$obj.o(Region$$Table)
    Region$$Table$$Limit                     0x0800ae48   Number         0  anon$$obj.o(Region$$Table)
    GmRight                                  0x20000000   Data          20  main.o(.data)
    GmLeft                                   0x20000014   Data          20  main.o(.data)
    GucMouseState                            0x20000028   Data           1  main.o(.data)
    GucMousePos                              0x20000029   Data           1  main.o(.data)
    WallInf                                  0x2000002a   Data           1  main.o(.data)
    GucMouseTask                             0x2000002b   Data           1  main.o(.data)
    Time                                     0x2000002c   Data           4  main.o(.data)
    LeanTime                                 0x20000030   Data           4  main.o(.data)
    CrossWayInf                              0x20000034   Data           1  micromouse_driver.o(.data)
    GmcMouseCoor                             0x20000035   Data           2  micromouse_driver.o(.data)
    GucMouseDir                              0x20000037   Data           1  micromouse_driver.o(.data)
    Step                                     0x20000038   Data           4  micromouse_driver.o(.data)
    SRC_X                                    0x2000003c   Data           1  micromouse_driver.o(.data)
    SRC_Y                                    0x2000003d   Data           1  micromouse_driver.o(.data)
    DEST_X                                   0x2000003e   Data           1  micromouse_driver.o(.data)
    DEST_Y                                   0x2000003f   Data           1  micromouse_driver.o(.data)
    SpeedChangeTime                          0x20000040   Data           4  micromouse_driver.o(.data)
    Test                                     0x20000044   Data           1  micromouse_driver.o(.data)
    Speed_Add                                0x20000045   Data           1  micromouse_driver.o(.data)
    Add_Finish                               0x20000046   Data           1  micromouse_driver.o(.data)
    GoToStart                                0x20000047   Data           1  micromouse_driver.o(.data)
    WentToDest                               0x20000048   Data           1  micromouse_driver.o(.data)
    SavedWallInfToFlash                      0x20000049   Data           1  micromouse_driver.o(.data)
    grc_frame_inf                            0x2000004c   Data          32  micromouse_globalvar.o(.data)
    grc_var_index                            0x2000006c   Data         256  micromouse_globalvar.o(.data)
    IRDistance                               0x2000016c   Data          16  micromouse_irsensor.o(.data)
    Gyro_Angle                               0x2000017c   Data           4  micromouse_irsensor.o(.data)
    GYRO_ADCVALUE                            0x20000180   Data           4  micromouse_irsensor.o(.data)
    ADCValue                                 0x20000184   Data           8  micromouse_irsensor.o(.data)
    Moter_Started_R                          0x2000018c   Data           1  micromouse_moter_control.o(.data)
    Moter_Started_L                          0x2000018d   Data           1  micromouse_moter_control.o(.data)
    countLast                                0x20000190   Data           4  micromouse_moter_control.o(.data)
    countCurrent                             0x20000194   Data           4  micromouse_moter_control.o(.data)
    CorrectFactor                            0x20000198   Data           4  micromouse_moter_control.o(.data)
    Dist_Correct                             0x200001a0   Data           4  micromouse_pid_control.o(.data)
    SendData                                 0x200001b4   Data           4  stm32f10x_it.o(.data)
    ADCBasicValue                            0x200001b8   Data           8  stm32f10x_it.o(.data)
    SpeedCorrect                             0x200001c0   Data           4  stm32f10x_it.o(.data)
    i                                        0x200001c4   Data           4  stm32f10x_it.o(.data)
    Power_Voltage                            0x200001c8   Data           4  stm32f10x_it.o(.data)
    ADCValueMin                              0x200001cc   Data           2  stm32f10x_it.o(.data)
    ADCValueMax                              0x200001ce   Data           2  stm32f10x_it.o(.data)
    ADCGryoValue                             0x200001d0   Data           2  stm32f10x_it.o(.data)
    SystemCoreClock                          0x200001d4   Data           4  system_stm32f10x.o(.data)
    AHBPrescTable                            0x200001d8   Data          16  system_stm32f10x.o(.data)
    Addr                                     0x200001fc   Data           5  micromouse_24l01.o(.data)
    EraseCounter                             0x20000210   Data           4  micromouse_flash.o(.data)
    Address                                  0x20000214   Data           4  micromouse_flash.o(.data)
    MapData                                  0x20000218   Data           4  micromouse_flash.o(.data)
    NbrOfPage                                0x2000021c   Data           4  micromouse_flash.o(.data)
    FLASHStatus                              0x20000220   Data           1  micromouse_flash.o(.data)
    MemoryProgramStatus                      0x20000221   Data           1  micromouse_flash.o(.data)
    log3                                     0x20000224   Data        1000  micromousealgorithm.o(.data)
    pow3                                     0x2000060c   Data        1200  micromousealgorithm.o(.data)
    IR_RF_A                                  0x20000abc   Data           4  micromousealgorithm.o(.data)
    IR_RF_B                                  0x20000ac0   Data           4  micromousealgorithm.o(.data)
    IR_R30_A                                 0x20000ac4   Data           4  micromousealgorithm.o(.data)
    IR_R30_B                                 0x20000ac8   Data           4  micromousealgorithm.o(.data)
    IR_L30_A                                 0x20000acc   Data           4  micromousealgorithm.o(.data)
    IR_L30_B                                 0x20000ad0   Data           4  micromousealgorithm.o(.data)
    IR_LF_A                                  0x20000ad4   Data           4  micromousealgorithm.o(.data)
    IR_LF_B                                  0x20000ad8   Data           4  micromousealgorithm.o(.data)
    GYRO_MUL_PARAM                           0x20000adc   Data           4  micromousealgorithm.o(.data)
    GYRO_OFFSET                              0x20000ae0   Data           2  micromousealgorithm.o(.data)
    pIRDist                                  0x20000ae4   Data           4  micromousealgorithm.o(.data)
    GucMapBlock                              0x20000af8   Data         256  micromouse_driver.o(.bss)
    GucMapStep                               0x20000bf8   Data         256  micromouse_driver.o(.bss)
    SpurtStep                                0x20000cf8   Data        6144  micromouse_driver.o(.bss)
    SpeedChangeSys                           0x200024f8   Data        3072  micromouse_driver.o(.bss)
    grc_var                                  0x200030f8   Data         512  micromouse_globalvar.o(.bss)
    ADC1ConvertedValue                       0x200032f8   Data          12  micromouse_irsensor.o(.bss)
    IRDistanceTemp                           0x20003304   Data          16  stm32f10x_it.o(.bss)
    g_DataCache_Fir                          0x20003314   Data         352  micromouse_datacache.o(.bss)
    g_DataCache_Sec                          0x20003474   Data         352  micromouse_datacache.o(.bss)
    g_RecDataCache                           0x200035d4   Data          32  micromouse_datacache.o(.bss)
    GmcStackn                                0x200035f4   Data         512  micromousealgorithm.o(.bss)
    GmcStackm                                0x200037f4   Data         512  micromousealgorithm.o(.bss)
    IRDistCor                                0x200039f4   Data          16  micromousealgorithm.o(.bss)
    stm32_uniqueId                           0x20003a04   Data          12  micromousealgorithm.o(.bss)
    __libspace_start                         0x20003a1c   Data          96  libspace.o(.bss)
    __temporary_stack_top$libspace           0x20003a7c   Data           0  libspace.o(.bss)



==============================================================================

Memory Map of the image

  Image Entry point : 0x08003845

  Load Region LR_1 (Base: 0x08000000, Size: 0x0000b940, Max: 0xffffffff, ABSOLUTE, COMPRESSED[0x0000b7b8])

    Execution Region ER_RO (Exec base: 0x08000000, Load base: 0x08000000, Size: 0x0000ae48, Max: 0xffffffff, ABSOLUTE)

    Exec Addr    Load Addr    Size         Type   Attr      Idx    E Section Name        Object

    0x08000000   0x08000000   0x00000130   Data   RO          304    RESET               startup_stm32f10x_hd.o
    0x08000130   0x08000130   0x00000008   Code   RO          719  * !!!main             c_w.l(__main.o)
    0x08000138   0x08000138   0x00000034   Code   RO         1008    !!!scatter          c_w.l(__scatter.o)
    0x0800016c   0x0800016c   0x0000005a   Code   RO         1006    !!dczerorl2         c_w.l(__dczerorl2.o)
    0x080001c6   0x080001c6   0x00000002   PAD
    0x080001c8   0x080001c8   0x0000001c   Code   RO         1010    !!handler_zi        c_w.l(__scatter_zi.o)
    0x080001e4   0x080001e4   0x00000002   Code   RO          873    .ARM.Collect$$libinit$$00000000  c_w.l(libinit.o)
    0x080001e6   0x080001e6   0x00000000   Code   RO          879    .ARM.Collect$$libinit$$00000002  c_w.l(libinit2.o)
    0x080001e6   0x080001e6   0x00000000   Code   RO          881    .ARM.Collect$$libinit$$00000004  c_w.l(libinit2.o)
    0x080001e6   0x080001e6   0x00000000   Code   RO          884    .ARM.Collect$$libinit$$0000000A  c_w.l(libinit2.o)
    0x080001e6   0x080001e6   0x00000000   Code   RO          886    .ARM.Collect$$libinit$$0000000C  c_w.l(libinit2.o)
    0x080001e6   0x080001e6   0x00000000   Code   RO          888    .ARM.Collect$$libinit$$0000000E  c_w.l(libinit2.o)
    0x080001e6   0x080001e6   0x00000000   Code   RO          891    .ARM.Collect$$libinit$$00000011  c_w.l(libinit2.o)
    0x080001e6   0x080001e6   0x00000000   Code   RO          893    .ARM.Collect$$libinit$$00000013  c_w.l(libinit2.o)
    0x080001e6   0x080001e6   0x00000000   Code   RO          895    .ARM.Collect$$libinit$$00000015  c_w.l(libinit2.o)
    0x080001e6   0x080001e6   0x00000000   Code   RO          897    .ARM.Collect$$libinit$$00000017  c_w.l(libinit2.o)
    0x080001e6   0x080001e6   0x00000000   Code   RO          899    .ARM.Collect$$libinit$$00000019  c_w.l(libinit2.o)
    0x080001e6   0x080001e6   0x00000000   Code   RO          901    .ARM.Collect$$libinit$$0000001B  c_w.l(libinit2.o)
    0x080001e6   0x080001e6   0x00000000   Code   RO          903    .ARM.Collect$$libinit$$0000001D  c_w.l(libinit2.o)
    0x080001e6   0x080001e6   0x00000000   Code   RO          905    .ARM.Collect$$libinit$$0000001F  c_w.l(libinit2.o)
    0x080001e6   0x080001e6   0x00000000   Code   RO          907    .ARM.Collect$$libinit$$00000021  c_w.l(libinit2.o)
    0x080001e6   0x080001e6   0x00000000   Code   RO          909    .ARM.Collect$$libinit$$00000023  c_w.l(libinit2.o)
    0x080001e6   0x080001e6   0x00000000   Code   RO          911    .ARM.Collect$$libinit$$00000025  c_w.l(libinit2.o)
    0x080001e6   0x080001e6   0x00000000   Code   RO          915    .ARM.Collect$$libinit$$0000002C  c_w.l(libinit2.o)
    0x080001e6   0x080001e6   0x00000000   Code   RO          917    .ARM.Collect$$libinit$$0000002E  c_w.l(libinit2.o)
    0x080001e6   0x080001e6   0x00000000   Code   RO          919    .ARM.Collect$$libinit$$00000030  c_w.l(libinit2.o)
    0x080001e6   0x080001e6   0x00000000   Code   RO          921    .ARM.Collect$$libinit$$00000032  c_w.l(libinit2.o)
    0x080001e6   0x080001e6   0x00000002   Code   RO          922    .ARM.Collect$$libinit$$00000033  c_w.l(libinit2.o)
    0x080001e8   0x080001e8   0x00000002   Code   RO          944    .ARM.Collect$$libshutdown$$00000000  c_w.l(libshutdown.o)
    0x080001ea   0x080001ea   0x00000000   Code   RO          957    .ARM.Collect$$libshutdown$$00000002  c_w.l(libshutdown2.o)
    0x080001ea   0x080001ea   0x00000000   Code   RO          959    .ARM.Collect$$libshutdown$$00000004  c_w.l(libshutdown2.o)
    0x080001ea   0x080001ea   0x00000000   Code   RO          961    .ARM.Collect$$libshutdown$$00000006  c_w.l(libshutdown2.o)
    0x080001ea   0x080001ea   0x00000000   Code   RO          964    .ARM.Collect$$libshutdown$$00000009  c_w.l(libshutdown2.o)
    0x080001ea   0x080001ea   0x00000000   Code   RO          967    .ARM.Collect$$libshutdown$$0000000C  c_w.l(libshutdown2.o)
    0x080001ea   0x080001ea   0x00000000   Code   RO          969    .ARM.Collect$$libshutdown$$0000000E  c_w.l(libshutdown2.o)
    0x080001ea   0x080001ea   0x00000000   Code   RO          972    .ARM.Collect$$libshutdown$$00000011  c_w.l(libshutdown2.o)
    0x080001ea   0x080001ea   0x00000002   Code   RO          973    .ARM.Collect$$libshutdown$$00000012  c_w.l(libshutdown2.o)
    0x080001ec   0x080001ec   0x00000000   Code   RO          801    .ARM.Collect$$rtentry$$00000000  c_w.l(__rtentry.o)
    0x080001ec   0x080001ec   0x00000000   Code   RO          840    .ARM.Collect$$rtentry$$00000002  c_w.l(__rtentry2.o)
    0x080001ec   0x080001ec   0x00000006   Code   RO          852    .ARM.Collect$$rtentry$$00000004  c_w.l(__rtentry4.o)
    0x080001f2   0x080001f2   0x00000000   Code   RO          842    .ARM.Collect$$rtentry$$00000009  c_w.l(__rtentry2.o)
    0x080001f2   0x080001f2   0x00000004   Code   RO          843    .ARM.Collect$$rtentry$$0000000A  c_w.l(__rtentry2.o)
    0x080001f6   0x080001f6   0x00000000   Code   RO          845    .ARM.Collect$$rtentry$$0000000C  c_w.l(__rtentry2.o)
    0x080001f6   0x080001f6   0x00000008   Code   RO          846    .ARM.Collect$$rtentry$$0000000D  c_w.l(__rtentry2.o)
    0x080001fe   0x080001fe   0x00000002   Code   RO          876    .ARM.Collect$$rtexit$$00000000  c_w.l(rtexit.o)
    0x08000200   0x08000200   0x00000000   Code   RO          926    .ARM.Collect$$rtexit$$00000002  c_w.l(rtexit2.o)
    0x08000200   0x08000200   0x00000004   Code   RO          927    .ARM.Collect$$rtexit$$00000003  c_w.l(rtexit2.o)
    0x08000204   0x08000204   0x00000006   Code   RO          928    .ARM.Collect$$rtexit$$00000004  c_w.l(rtexit2.o)
    0x0800020a   0x0800020a   0x00000002   PAD
    0x0800020c   0x0800020c   0x0000045c   Code   RO            1    .text               main.o
    0x08000668   0x08000668   0x00000418   Code   RO          138    .text               micromouse_device_init.o
    0x08000a80   0x08000a80   0x00002434   Code   RO          155    .text               micromouse_driver.o
    0x08002eb4   0x08002eb4   0x000000c0   Code   RO          175    .text               micromouse_globalvar.o
    0x08002f74   0x08002f74   0x00000220   Code   RO          194    .text               micromouse_irsensor.o
    0x08003194   0x08003194   0x00000098   Code   RO          211    .text               micromouse_moter_control.o
    0x0800322c   0x0800322c   0x00000150   Code   RO          233    .text               micromouse_pid_control.o
    0x0800337c   0x0800337c   0x000003c8   Code   RO          249    .text               stm32f10x_it.o
    0x08003744   0x08003744   0x00000100   Code   RO          284    .text               system_stm32f10x.o
    0x08003844   0x08003844   0x00000040   Code   RO          305  * .text               startup_stm32f10x_hd.o
    0x08003884   0x08003884   0x000000dc   Code   RO          309    .text               misc.o
    0x08003960   0x08003960   0x0000044e   Code   RO          321    .text               stm32f10x_adc.o
    0x08003dae   0x08003dae   0x00000002   PAD
    0x08003db0   0x08003db0   0x00000254   Code   RO          333    .text               stm32f10x_dma.o
    0x08004004   0x08004004   0x0000011c   Code   RO          345    .text               stm32f10x_exti.o
    0x08004120   0x08004120   0x000005bc   Code   RO          357    .text               stm32f10x_flash.o
    0x080046dc   0x080046dc   0x0000035c   Code   RO          369    .text               stm32f10x_gpio.o
    0x08004a38   0x08004a38   0x000003a4   Code   RO          381    .text               stm32f10x_rcc.o
    0x08004ddc   0x08004ddc   0x0000030c   Code   RO          395    .text               stm32f10x_spi.o
    0x080050e8   0x080050e8   0x00000e1a   Code   RO          407    .text               stm32f10x_tim.o
    0x08005f02   0x08005f02   0x00000002   PAD
    0x08005f04   0x08005f04   0x00000454   Code   RO          431    .text               qcmcu.lib(micromouse_24l01.o)
    0x08006358   0x08006358   0x0000010c   Code   RO          535    .text               qcmcu.lib(micromouse_datacache.o)
    0x08006464   0x08006464   0x00000414   Code   RO          645    .text               qcmcu.lib(micromouse_flash.o)
    0x08006878   0x08006878   0x00002d0c   Code   RO          667    .text               qcmcu.lib(micromousealgorithm.o)
    0x08009584   0x08009584   0x00000006   Code   RO          717    .text               c_w.l(heapauxi.o)
    0x0800958a   0x0800958a   0x00000016   Code   RO          802    .text               c_w.l(_rserrno.o)
    0x080095a0   0x080095a0   0x00000008   Code   RO          857    .text               c_w.l(rt_errno_addr_intlibspace.o)
    0x080095a8   0x080095a8   0x00000008   Code   RO          861    .text               c_w.l(libspace.o)
    0x080095b0   0x080095b0   0x0000004a   Code   RO          864    .text               c_w.l(sys_stackheap_outer.o)
    0x080095fa   0x080095fa   0x00000012   Code   RO          866    .text               c_w.l(exit.o)
    0x0800960c   0x0800960c   0x0000000c   Code   RO          936    .text               c_w.l(sys_exit.o)
    0x08009618   0x08009618   0x00000002   Code   RO          947    .text               c_w.l(use_no_semi.o)
    0x0800961a   0x0800961a   0x00000000   Code   RO          949    .text               c_w.l(indicate_semi.o)
    0x0800961a   0x0800961a   0x00000028   Code   RO          835    i.__ARM_fpclassify  m_ws.l(fpclassify.o)
    0x08009642   0x08009642   0x000000aa   Code   RO          837    i.__kernel_poly     m_ws.l(poly.o)
    0x080096ec   0x080096ec   0x00000006   Code   RO          822    i.__mathlib_dbl_infnan  m_ws.l(dunder.o)
    0x080096f2   0x080096f2   0x00000002   PAD
    0x080096f4   0x080096f4   0x00000010   Code   RO          827    i.__mathlib_dbl_underflow  m_ws.l(dunder.o)
    0x08009704   0x08009704   0x00000220   Code   RO          784    i.atan              m_ws.l(atan.o)
    0x08009924   0x08009924   0x0000004c   Code   RO          794    i.sqrt              m_ws.l(sqrt.o)
    0x08009970   0x08009970   0x00000062   Code   RO          721    x$fpl$d2f           fz_ws.l(d2f.o)
    0x080099d2   0x080099d2   0x00000002   PAD
    0x080099d4   0x080099d4   0x00000150   Code   RO          723    x$fpl$dadd          fz_ws.l(daddsub_clz.o)
    0x08009b24   0x08009b24   0x00000010   Code   RO          859    x$fpl$dcheck1       fz_ws.l(dcheck1.o)
    0x08009b34   0x08009b34   0x00000018   Code   RO          804    x$fpl$dcmpinf       fz_ws.l(dcmpi.o)
    0x08009b4c   0x08009b4c   0x000002b0   Code   RO          730    x$fpl$ddiv          fz_ws.l(ddiv.o)
    0x08009dfc   0x08009dfc   0x0000005e   Code   RO          733    x$fpl$dfix          fz_ws.l(dfix.o)
    0x08009e5a   0x08009e5a   0x0000002e   Code   RO          738    x$fpl$dflt          fz_ws.l(dflt_clz.o)
    0x08009e88   0x08009e88   0x00000026   Code   RO          737    x$fpl$dfltu         fz_ws.l(dflt_clz.o)
    0x08009eae   0x08009eae   0x00000002   PAD
    0x08009eb0   0x08009eb0   0x00000078   Code   RO          743    x$fpl$dleqf         fz_ws.l(dleqf.o)
    0x08009f28   0x08009f28   0x00000154   Code   RO          745    x$fpl$dmul          fz_ws.l(dmul.o)
    0x0800a07c   0x0800a07c   0x0000009c   Code   RO          806    x$fpl$dnaninf       fz_ws.l(dnaninf.o)
    0x0800a118   0x0800a118   0x0000000c   Code   RO          808    x$fpl$dretinf       fz_ws.l(dretinf.o)
    0x0800a124   0x0800a124   0x0000006c   Code   RO          747    x$fpl$drleqf        fz_ws.l(drleqf.o)
    0x0800a190   0x0800a190   0x00000016   Code   RO          724    x$fpl$drsb          fz_ws.l(daddsub_clz.o)
    0x0800a1a6   0x0800a1a6   0x00000002   PAD
    0x0800a1a8   0x0800a1a8   0x000001cc   Code   RO          810    x$fpl$dsqrt         fz_ws.l(dsqrt_noumaal.o)
    0x0800a374   0x0800a374   0x000001d4   Code   RO          725    x$fpl$dsub          fz_ws.l(daddsub_clz.o)
    0x0800a548   0x0800a548   0x00000056   Code   RO          749    x$fpl$f2d           fz_ws.l(f2d.o)
    0x0800a59e   0x0800a59e   0x00000002   PAD
    0x0800a5a0   0x0800a5a0   0x000000c4   Code   RO          751    x$fpl$fadd          fz_ws.l(faddsub_clz.o)
    0x0800a664   0x0800a664   0x00000018   Code   RO          812    x$fpl$fcmpinf       fz_ws.l(fcmpi.o)
    0x0800a67c   0x0800a67c   0x00000184   Code   RO          758    x$fpl$fdiv          fz_ws.l(fdiv.o)
    0x0800a800   0x0800a800   0x00000068   Code   RO          761    x$fpl$feqf          fz_ws.l(feqf.o)
    0x0800a868   0x0800a868   0x00000036   Code   RO          763    x$fpl$ffix          fz_ws.l(ffix.o)
    0x0800a89e   0x0800a89e   0x00000002   PAD
    0x0800a8a0   0x0800a8a0   0x0000003e   Code   RO          767    x$fpl$ffixu         fz_ws.l(ffixu.o)
    0x0800a8de   0x0800a8de   0x00000002   PAD
    0x0800a8e0   0x0800a8e0   0x00000030   Code   RO          772    x$fpl$fflt          fz_ws.l(fflt_clz.o)
    0x0800a910   0x0800a910   0x00000026   Code   RO          771    x$fpl$ffltu         fz_ws.l(fflt_clz.o)
    0x0800a936   0x0800a936   0x00000002   PAD
    0x0800a938   0x0800a938   0x00000068   Code   RO          777    x$fpl$fleqf         fz_ws.l(fleqf.o)
    0x0800a9a0   0x0800a9a0   0x00000102   Code   RO          779    x$fpl$fmul          fz_ws.l(fmul.o)
    0x0800aaa2   0x0800aaa2   0x0000008c   Code   RO          814    x$fpl$fnaninf       fz_ws.l(fnaninf.o)
    0x0800ab2e   0x0800ab2e   0x0000000a   Code   RO          816    x$fpl$fretinf       fz_ws.l(fretinf.o)
    0x0800ab38   0x0800ab38   0x00000062   Code   RO          781    x$fpl$frleqf        fz_ws.l(frleqf.o)
    0x0800ab9a   0x0800ab9a   0x00000014   Code   RO          752    x$fpl$frsb          fz_ws.l(faddsub_clz.o)
    0x0800abae   0x0800abae   0x00000002   PAD
    0x0800abb0   0x0800abb0   0x000000ea   Code   RO          753    x$fpl$fsub          fz_ws.l(faddsub_clz.o)
    0x0800ac9a   0x0800ac9a   0x00000064   Code   RO          874    x$fpl$retnan        fz_ws.l(retnan.o)
    0x0800acfe   0x0800acfe   0x0000005c   Code   RO          818    x$fpl$scalbn        fz_ws.l(scalbn.o)
    0x0800ad5a   0x0800ad5a   0x00000030   Code   RO          923    x$fpl$trapveneer    fz_ws.l(trapv.o)
    0x0800ad8a   0x0800ad8a   0x00000000   Code   RO          820    x$fpl$usenofp       fz_ws.l(usenofp.o)
    0x0800ad8a   0x0800ad8a   0x00000006   PAD
    0x0800ad90   0x0800ad90   0x00000098   Data   RO          785    .constdata          m_ws.l(atan.o)
    0x0800ae28   0x0800ae28   0x00000020   Data   RO         1004    Region$$Table       anon$$obj.o


    Execution Region ER_RW (Exec base: 0x20000000, Load base: 0x0800ae48, Size: 0x00000af8, Max: 0xffffffff, ABSOLUTE, COMPRESSED[0x00000970])

    Exec Addr    Load Addr    Size         Type   Attr      Idx    E Section Name        Object

    0x20000000   COMPRESSED   0x00000034   Data   RW            2    .data               main.o
    0x20000034   COMPRESSED   0x00000018   Data   RW          157    .data               micromouse_driver.o
    0x2000004c   COMPRESSED   0x00000120   Data   RW          177    .data               micromouse_globalvar.o
    0x2000016c   COMPRESSED   0x00000020   Data   RW          196    .data               micromouse_irsensor.o
    0x2000018c   COMPRESSED   0x00000014   Data   RW          212    .data               micromouse_moter_control.o
    0x200001a0   COMPRESSED   0x00000014   Data   RW          234    .data               micromouse_pid_control.o
    0x200001b4   COMPRESSED   0x0000001f   Data   RW          251    .data               stm32f10x_it.o
    0x200001d3   COMPRESSED   0x00000001   PAD
    0x200001d4   COMPRESSED   0x00000014   Data   RW          285    .data               system_stm32f10x.o
    0x200001e8   COMPRESSED   0x00000014   Data   RW          382    .data               stm32f10x_rcc.o
    0x200001fc   COMPRESSED   0x00000005   Data   RW          432    .data               qcmcu.lib(micromouse_24l01.o)
    0x20000201   COMPRESSED   0x00000003   PAD
    0x20000204   COMPRESSED   0x0000000c   Data   RW          537    .data               qcmcu.lib(micromouse_datacache.o)
    0x20000210   COMPRESSED   0x00000012   Data   RW          646    .data               qcmcu.lib(micromouse_flash.o)
    0x20000222   COMPRESSED   0x00000002   PAD
    0x20000224   COMPRESSED   0x000008d3   Data   RW          669    .data               qcmcu.lib(micromousealgorithm.o)


    Execution Region ER_ZI (Exec base: 0x20000af8, Load base: 0x0800b7b8, Size: 0x00003588, Max: 0xffffffff, ABSOLUTE)

    Exec Addr    Load Addr    Size         Type   Attr      Idx    E Section Name        Object

    0x20000af8        -       0x00002600   Zero   RW          156    .bss                micromouse_driver.o
    0x200030f8        -       0x00000200   Zero   RW          176    .bss                micromouse_globalvar.o
    0x200032f8        -       0x0000000c   Zero   RW          195    .bss                micromouse_irsensor.o
    0x20003304        -       0x00000010   Zero   RW          250    .bss                stm32f10x_it.o
    0x20003314        -       0x000002e0   Zero   RW          536    .bss                qcmcu.lib(micromouse_datacache.o)
    0x200035f4        -       0x00000428   Zero   RW          668    .bss                qcmcu.lib(micromousealgorithm.o)
    0x20003a1c        -       0x00000060   Zero   RW          862    .bss                c_w.l(libspace.o)
    0x20003a7c   0x0800b7b8   0x00000004   PAD
    0x20003a80        -       0x00000200   Zero   RW          303    HEAP                startup_stm32f10x_hd.o
    0x20003c80        -       0x00000400   Zero   RW          302    STACK               startup_stm32f10x_hd.o


==============================================================================

Image component sizes


      Code (inc. data)   RO Data    RW Data    ZI Data      Debug   Object Name

         0          0          0          0          0         32   core_cm3.o
      1116        114          0         52          0     299395   main.o
      1048         32          0          0          0       1955   micromouse_device_init.o
      9268        598          0         24       9728      15403   micromouse_driver.o
       192         66          0        288        512       1226   micromouse_globalvar.o
       544         34          0         32         12       1909   micromouse_irsensor.o
       152         28          0         20          0       1295   micromouse_moter_control.o
       336         28          0         20          0       1447   micromouse_pid_control.o
       220         22          0          0          0       1713   misc.o
        64         26        304          0       1536        780   startup_stm32f10x_hd.o
      1102         26          0          0          0      10957   stm32f10x_adc.o
       596          8          0          0          0       4282   stm32f10x_dma.o
       284         10          0          0          0       2175   stm32f10x_exti.o
      1468         34          0          0          0       8126   stm32f10x_flash.o
       860         38          0          0          0       5653   stm32f10x_gpio.o
       968         86          0         31         16       3528   stm32f10x_it.o
       932         36          0         20          0       8808   stm32f10x_rcc.o
       780         14          0          0          0       6530   stm32f10x_spi.o
      3610         88          0          0          0      22760   stm32f10x_tim.o
       256         34          0         20          0       1399   system_stm32f10x.o

    ----------------------------------------------------------------------
     23800       1322        336        508      11804     399373   Object Totals
         0          0         32          0          0          0   (incl. Generated)
         4          0          0          1          0          0   (incl. Padding)

    ----------------------------------------------------------------------

      Code (inc. data)   RO Data    RW Data    ZI Data      Debug   Library Member Name

        90          0          0          0          0          0   __dczerorl2.o
         8          0          0          0          0         68   __main.o
         0          0          0          0          0          0   __rtentry.o
        12          0          0          0          0          0   __rtentry2.o
         6          0          0          0          0          0   __rtentry4.o
        52          8          0          0          0          0   __scatter.o
        28          0          0          0          0          0   __scatter_zi.o
        22          0          0          0          0        100   _rserrno.o
        18          0          0          0          0         80   exit.o
         6          0          0          0          0        152   heapauxi.o
         0          0          0          0          0          0   indicate_semi.o
         2          0          0          0          0          0   libinit.o
         2          0          0          0          0          0   libinit2.o
         2          0          0          0          0          0   libshutdown.o
         2          0          0          0          0          0   libshutdown2.o
         8          4          0          0         96         68   libspace.o
         8          4          0          0          0         68   rt_errno_addr_intlibspace.o
         2          0          0          0          0          0   rtexit.o
        10          0          0          0          0          0   rtexit2.o
        12          4          0          0          0         68   sys_exit.o
        74          0          0          0          0         80   sys_stackheap_outer.o
         2          0          0          0          0         68   use_no_semi.o
        98          4          0          0          0         92   d2f.o
       826         16          0          0          0        348   daddsub_clz.o
        16          4          0          0          0         68   dcheck1.o
        24          0          0          0          0         68   dcmpi.o
       688        140          0          0          0        208   ddiv.o
        94          4          0          0          0         92   dfix.o
        84          0          0          0          0        136   dflt_clz.o
       120          4          0          0          0         92   dleqf.o
       340         12          0          0          0        104   dmul.o
       156          4          0          0          0         92   dnaninf.o
        12          0          0          0          0         68   dretinf.o
       108          0          0          0          0         80   drleqf.o
       460         56          0          0          0        120   dsqrt_noumaal.o
        86          4          0          0          0         84   f2d.o
       450          8          0          0          0        236   faddsub_clz.o
        24          0          0          0          0         68   fcmpi.o
       388         76          0          0          0         96   fdiv.o
       104          4          0          0          0         84   feqf.o
        54          4          0          0          0         84   ffix.o
        62          4          0          0          0         84   ffixu.o
        86          0          0          0          0        136   fflt_clz.o
       104          4          0          0          0         84   fleqf.o
       258          4          0          0          0         84   fmul.o
       140          4          0          0          0         84   fnaninf.o
        10          0          0          0          0         68   fretinf.o
        98          0          0          0          0         68   frleqf.o
       100          0          0          0          0         68   retnan.o
        92          0          0          0          0         68   scalbn.o
        48          0          0          0          0         68   trapv.o
         0          0          0          0          0          0   usenofp.o
       544         70        152          0          0        124   atan.o
        22          6          0          0          0        136   dunder.o
        40          0          0          0          0         68   fpclassify.o
       170          0          0          0          0         96   poly.o
        76          0          0          0          0         84   sqrt.o
      1108         20          0          5          0     225215   micromouse_24l01.o
       268         30          0         12        736     211538   micromouse_datacache.o
      1044         56          0         18          0       3813   micromouse_flash.o
     11532        602          0       2259       1064      15150   micromousealgorithm.o

    ----------------------------------------------------------------------
     20328       1160        152       2300       1900     460008   Library Totals
        28          0          0          6          4          0   (incl. Padding)

    ----------------------------------------------------------------------

      Code (inc. data)   RO Data    RW Data    ZI Data      Debug   Library Name

       366         20          0          0         96        752   c_w.l
      5130        356          0          0          0       3032   fz_ws.l
       852         76        152          0          0        508   m_ws.l
     13952        708          0       2294       1800     455716   qcmcu.lib

    ----------------------------------------------------------------------
     20328       1160        152       2300       1900     460008   Library Totals

    ----------------------------------------------------------------------

==============================================================================


      Code (inc. data)   RO Data    RW Data    ZI Data      Debug   

     44128       2482        488       2808      13704     854801   Grand Totals
     44128       2482        488       2416      13704     854801   ELF Image Totals (compressed)
     44128       2482        488       2416          0          0   ROM Totals

==============================================================================

    Total RO  Size (Code + RO Data)                44616 (  43.57kB)
    Total RW  Size (RW Data + ZI Data)             16512 (  16.13kB)
    Total ROM Size (Code + RO Data + RW Data)      47032 (  45.93kB)

==============================================================================

