C51 COMPILER V9.54   CAR                                                                   05/19/2023 15:28:17 PAGE 1   


C51 COMPILER V9.54, COMPILATION OF MODULE CAR
OBJECT MODULE PLACED IN .\Objects\car.obj
COMPILER INVOKED BY: D:\SoftwareInstall\MDK_51\C51\BIN\C51.EXE car.c OPTIMIZE(8,SPEED) BROWSE DEBUG OBJECTEXTEND PRINT(.
                    -\Listings\car.lst) TABS(2) OBJECT(.\Objects\car.obj)

line level    source

   1          #include "car.h"
   2          
   3          /*前进*/
   4          void go()
   5          {
   6   1        lef1_go();//*左前前*/
   7   1        rig1_go();//*右前前*/
   8   1        lef2_go();//*左后前*/
   9   1        rig2_go();//*右后前*/
  10   1      }
  11          /*后退*/
  12          void back()
  13          {
  14   1        lef1_back();//*左前后*/
  15   1        rig1_back();//*右前后*/
  16   1        lef2_back();//*左后后*/
  17   1        rig2_back();//*右后后*/
  18   1      }
  19          /*左转*/
  20          void turnleft()
  21          {
  22   1        rig1_go();//*右前前*/
  23   1        rig2_go();//*右后前*/
  24   1        lef1_stop();//*左前停止*/
  25   1        lef2_stop();//*左后停止*/
  26   1      }
  27          /*右转*/
  28          void turnright()
  29          {
  30   1        lef1_go();//*左前前*/
  31   1        lef2_go();//*左后前*/
  32   1        rig1_stop();//*右前停止*/
  33   1        rig2_stop();//*右后停止*/
  34   1      }
  35          /*停止*/
  36          void stop()
  37          {
  38   1        lef1_stop();//*左前停止*/
  39   1        rig1_stop();//*右前停止*/
  40   1        lef2_stop();//*左后停止*/
  41   1        rig2_stop();//*右后停止*/
  42   1      }


MODULE INFORMATION:   STATIC OVERLAYABLE
   CODE SIZE        =     60    ----
   CONSTANT SIZE    =   ----    ----
   XDATA SIZE       =   ----    ----
   PDATA SIZE       =   ----    ----
   DATA SIZE        =   ----    ----
   IDATA SIZE       =   ----    ----
   BIT SIZE         =   ----    ----
END OF MODULE INFORMATION.


C51 COMPILATION COMPLETE.  0 WARNING(S),  0 ERROR(S)
