<html>
<body>
<pre>
<h1>礦ision Build Log</h1>
<h2>Tool Versions:</h2>
IDE-Version: μVision V5.38.0.0
Copyright (C) 2022 ARM Ltd and ARM Germany GmbH. All rights reserved.
License Information: sss sss, sss, LIC=NQQMA-19VTK-TGZ7T-R9CKN-PV1Y5-5M1T4
 
Tool Versions:
Toolchain:       MDK-ARM Plus  Version: 5.38.0.0
Toolchain Path:  D:\Installation_app\keil538\ARM\ARMCC\Bin
C Compiler:      Armcc.exe V5.06 update 7 (build 960)
Assembler:       Armasm.exe V5.06 update 7 (build 960)
Linker/Locator:  ArmLink.exe V5.06 update 7 (build 960)
Library Manager: ArmAr.exe V5.06 update 7 (build 960)
Hex Converter:   FromElf.exe V5.06 update 7 (build 960)
CPU DLL:         SARMCM3.DLL V5.38.0.0
Dialog DLL:      DCM.DLL V1.17.5.0
Target DLL:      Segger\JL2CM3.dll V2.99.42.0
Dialog DLL:      TCM.DLL V1.56.4.0
 
<h2>Project:</h2>
C:\Users\oc\Desktop\之前改\21号车程序\21号车程序\USER\工程文件.uvprojx
Project File Date:  10/14/2023

<h2>Output:</h2>
*** Using Compiler 'V5.06 update 7 (build 960)', folder: 'D:\Installation_app\keil538\ARM\ARMCC\Bin'
Rebuild target '工程'
assembling startup_stm32f10x_hd.s...
compiling MicroMouse_GlobalVar.c...
..\HARDWARE\scr\MicroMouse_GlobalVar.c(84): warning:  #1-D: last line of file ends without a newline
  }
..\HARDWARE\scr\MicroMouse_GlobalVar.c: 1 warning, 0 errors
compiling MicroMouse_PID_Control.c...
..\HARDWARE\inc\MicroMouse_PID_Control.h(43): warning:  #1-D: last line of file ends without a newline
  #endif
..\HARDWARE\scr\MicroMouse_PID_Control.c(44): warning:  #1-D: last line of file ends without a newline
  }
..\HARDWARE\scr\MicroMouse_PID_Control.c: 2 warnings, 0 errors
compiling system_stm32f10x.c...
compiling MicroMouse_Device_Init.c...
..\HARDWARE\scr\MicroMouse_Device_Init.c(176): warning:  #1-D: last line of file ends without a newline
  }
..\HARDWARE\scr\MicroMouse_Device_Init.c: 1 warning, 0 errors
compiling main.c...
compiling core_cm3.c...
compiling MicroMouse_Moter_Control.c...
..\HARDWARE\inc\MicroMouse_PID_Control.h(43): warning:  #1-D: last line of file ends without a newline
  #endif
..\HARDWARE\scr\MicroMouse_Moter_Control.c(46): warning:  #1-D: last line of file ends without a newline
  }
..\HARDWARE\scr\MicroMouse_Moter_Control.c: 2 warnings, 0 errors
compiling misc.c...
compiling stm32f10x_adc.c...
compiling MicroMouse_Driver.c...
..\HARDWARE\scr\MicroMouse_Driver.c(377): warning:  #223-D: function "abs" declared implicitly
              if((GmRight.ulPulse + GmLeft.ulPulse)/2 - abs((GmRight.ulPulseCtr + GmLeft.ulPulseCtr)/2) < 138)
..\HARDWARE\scr\MicroMouse_Driver.c(400): warning:  #223-D: function "abs" declared implicitly
              if((GmRight.ulPulse + GmLeft.ulPulse)/2 - abs((GmRight.ulPulseCtr + GmLeft.ulPulseCtr)/2) < 138)
..\HARDWARE\scr\MicroMouse_Driver.c(490): warning:  #550-D: variable "Pulse_Total"  was set but never used
      long PulseCtl = 0,Pulse_Total,TurnPulse;
..\HARDWARE\scr\MicroMouse_Driver.c(1741): warning:  #177-D: variable "i"  was declared but never referenced
      long i = 0;
..\HARDWARE\scr\MicroMouse_Driver.c: 4 warnings, 0 errors
compiling stm32f10x_dma.c...
compiling stm32f10x_it.c...
..\HARDWARE\inc\MicroMouse_PID_Control.h(43): warning:  #1-D: last line of file ends without a newline
  #endif
..\HARDWARE\scr\stm32f10x_it.c: 1 warning, 0 errors
compiling MicroMouse_IRSensor.c...
..\HARDWARE\scr\MicroMouse_IRSensor.c(83): warning:  #1-D: last line of file ends without a newline
  }
..\HARDWARE\scr\MicroMouse_IRSensor.c: 1 warning, 0 errors
compiling stm32f10x_exti.c...
compiling stm32f10x_flash.c...
compiling stm32f10x_gpio.c...
compiling stm32f10x_rcc.c...
compiling stm32f10x_spi.c...
compiling stm32f10x_tim.c...
compiling stm32f10x_usart.c...
linking...
Program Size: Code=44128 RO-data=488 RW-data=2808 ZI-data=13704  
FromELF: creating hex file...
"..\OBJ\TEST.axf" - 0 Error(s), 12 Warning(s).

<h2>Software Packages used:</h2>

Package Vendor: Keil
                http://www.keil.com/pack/Keil.STM32F1xx_DFP.1.1.0.pack
                Keil.STM32F1xx_DFP.1.1.0
                STMicroelectronics STM32F1 Series Device Support, Drivers and Examples

<h2>Collection of Component include folders:</h2>
  D:/Installation_app/keil538_pack/Keil/STM32F1xx_DFP/1.1.0/Device/Include

<h2>Collection of Component Files used:</h2>
Build Time Elapsed:  00:00:01
</pre>
</body>
</html>
